ARM GAS  C:\Users\AD\AppData\Local\Temp\ccvMW3ZS.s 			page 1


   1              		.cpu cortex-m4
   2              		.arch armv7e-m
   3              		.fpu fpv4-sp-d16
   4              		.eabi_attribute 27, 1
   5              		.eabi_attribute 28, 1
   6              		.eabi_attribute 20, 1
   7              		.eabi_attribute 21, 1
   8              		.eabi_attribute 23, 3
   9              		.eabi_attribute 24, 1
  10              		.eabi_attribute 25, 1
  11              		.eabi_attribute 26, 1
  12              		.eabi_attribute 30, 1
  13              		.eabi_attribute 34, 1
  14              		.eabi_attribute 18, 4
  15              		.file	"stm32f4xx_hal_msp.c"
  16              		.text
  17              	.Ltext0:
  18              		.cfi_sections	.debug_frame
  19              		.file 1 "Core/Src/stm32f4xx_hal_msp.c"
  20              		.section	.text.HAL_MspInit,"ax",%progbits
  21              		.align	1
  22              		.global	HAL_MspInit
  23              		.syntax unified
  24              		.thumb
  25              		.thumb_func
  27              	HAL_MspInit:
  28              	.LFB134:
   1:Core/Src/stm32f4xx_hal_msp.c **** /* USER CODE BEGIN Header */
   2:Core/Src/stm32f4xx_hal_msp.c **** /**
   3:Core/Src/stm32f4xx_hal_msp.c ****   ******************************************************************************
   4:Core/Src/stm32f4xx_hal_msp.c ****   * @file         stm32f4xx_hal_msp.c
   5:Core/Src/stm32f4xx_hal_msp.c ****   * @brief        This file provides code for the MSP Initialization
   6:Core/Src/stm32f4xx_hal_msp.c ****   *               and de-Initialization codes.
   7:Core/Src/stm32f4xx_hal_msp.c ****   ******************************************************************************
   8:Core/Src/stm32f4xx_hal_msp.c ****   * @attention
   9:Core/Src/stm32f4xx_hal_msp.c ****   *
  10:Core/Src/stm32f4xx_hal_msp.c ****   * Copyright (c) 2025 STMicroelectronics.
  11:Core/Src/stm32f4xx_hal_msp.c ****   * All rights reserved.
  12:Core/Src/stm32f4xx_hal_msp.c ****   *
  13:Core/Src/stm32f4xx_hal_msp.c ****   * This software is licensed under terms that can be found in the LICENSE file
  14:Core/Src/stm32f4xx_hal_msp.c ****   * in the root directory of this software component.
  15:Core/Src/stm32f4xx_hal_msp.c ****   * If no LICENSE file comes with this software, it is provided AS-IS.
  16:Core/Src/stm32f4xx_hal_msp.c ****   *
  17:Core/Src/stm32f4xx_hal_msp.c ****   ******************************************************************************
  18:Core/Src/stm32f4xx_hal_msp.c ****   */
  19:Core/Src/stm32f4xx_hal_msp.c **** /* USER CODE END Header */
  20:Core/Src/stm32f4xx_hal_msp.c **** 
  21:Core/Src/stm32f4xx_hal_msp.c **** /* Includes ------------------------------------------------------------------*/
  22:Core/Src/stm32f4xx_hal_msp.c **** #include "main.h"
  23:Core/Src/stm32f4xx_hal_msp.c **** /* USER CODE BEGIN Includes */
  24:Core/Src/stm32f4xx_hal_msp.c **** 
  25:Core/Src/stm32f4xx_hal_msp.c **** /* USER CODE END Includes */
  26:Core/Src/stm32f4xx_hal_msp.c **** extern DMA_HandleTypeDef hdma_spi3_rx;
  27:Core/Src/stm32f4xx_hal_msp.c **** 
  28:Core/Src/stm32f4xx_hal_msp.c **** extern DMA_HandleTypeDef hdma_spi3_tx;
  29:Core/Src/stm32f4xx_hal_msp.c **** 
  30:Core/Src/stm32f4xx_hal_msp.c **** /* Private typedef -----------------------------------------------------------*/
ARM GAS  C:\Users\AD\AppData\Local\Temp\ccvMW3ZS.s 			page 2


  31:Core/Src/stm32f4xx_hal_msp.c **** /* USER CODE BEGIN TD */
  32:Core/Src/stm32f4xx_hal_msp.c **** 
  33:Core/Src/stm32f4xx_hal_msp.c **** /* USER CODE END TD */
  34:Core/Src/stm32f4xx_hal_msp.c **** 
  35:Core/Src/stm32f4xx_hal_msp.c **** /* Private define ------------------------------------------------------------*/
  36:Core/Src/stm32f4xx_hal_msp.c **** /* USER CODE BEGIN Define */
  37:Core/Src/stm32f4xx_hal_msp.c **** 
  38:Core/Src/stm32f4xx_hal_msp.c **** /* USER CODE END Define */
  39:Core/Src/stm32f4xx_hal_msp.c **** 
  40:Core/Src/stm32f4xx_hal_msp.c **** /* Private macro -------------------------------------------------------------*/
  41:Core/Src/stm32f4xx_hal_msp.c **** /* USER CODE BEGIN Macro */
  42:Core/Src/stm32f4xx_hal_msp.c **** 
  43:Core/Src/stm32f4xx_hal_msp.c **** /* USER CODE END Macro */
  44:Core/Src/stm32f4xx_hal_msp.c **** 
  45:Core/Src/stm32f4xx_hal_msp.c **** /* Private variables ---------------------------------------------------------*/
  46:Core/Src/stm32f4xx_hal_msp.c **** /* USER CODE BEGIN PV */
  47:Core/Src/stm32f4xx_hal_msp.c **** 
  48:Core/Src/stm32f4xx_hal_msp.c **** /* USER CODE END PV */
  49:Core/Src/stm32f4xx_hal_msp.c **** 
  50:Core/Src/stm32f4xx_hal_msp.c **** /* Private function prototypes -----------------------------------------------*/
  51:Core/Src/stm32f4xx_hal_msp.c **** /* USER CODE BEGIN PFP */
  52:Core/Src/stm32f4xx_hal_msp.c **** 
  53:Core/Src/stm32f4xx_hal_msp.c **** /* USER CODE END PFP */
  54:Core/Src/stm32f4xx_hal_msp.c **** 
  55:Core/Src/stm32f4xx_hal_msp.c **** /* External functions --------------------------------------------------------*/
  56:Core/Src/stm32f4xx_hal_msp.c **** /* USER CODE BEGIN ExternalFunctions */
  57:Core/Src/stm32f4xx_hal_msp.c **** 
  58:Core/Src/stm32f4xx_hal_msp.c **** /* USER CODE END ExternalFunctions */
  59:Core/Src/stm32f4xx_hal_msp.c **** 
  60:Core/Src/stm32f4xx_hal_msp.c **** /* USER CODE BEGIN 0 */
  61:Core/Src/stm32f4xx_hal_msp.c **** 
  62:Core/Src/stm32f4xx_hal_msp.c **** /* USER CODE END 0 */
  63:Core/Src/stm32f4xx_hal_msp.c **** 
  64:Core/Src/stm32f4xx_hal_msp.c **** void HAL_TIM_MspPostInit(TIM_HandleTypeDef *htim);
  65:Core/Src/stm32f4xx_hal_msp.c ****                     /**
  66:Core/Src/stm32f4xx_hal_msp.c ****   * Initializes the Global MSP.
  67:Core/Src/stm32f4xx_hal_msp.c ****   */
  68:Core/Src/stm32f4xx_hal_msp.c **** void HAL_MspInit(void)
  69:Core/Src/stm32f4xx_hal_msp.c **** {
  29              		.loc 1 69 1 view -0
  30              		.cfi_startproc
  31              		@ args = 0, pretend = 0, frame = 8
  32              		@ frame_needed = 0, uses_anonymous_args = 0
  33              		@ link register save eliminated.
  34 0000 82B0     		sub	sp, sp, #8
  35              	.LCFI0:
  36              		.cfi_def_cfa_offset 8
  70:Core/Src/stm32f4xx_hal_msp.c **** 
  71:Core/Src/stm32f4xx_hal_msp.c ****   /* USER CODE BEGIN MspInit 0 */
  72:Core/Src/stm32f4xx_hal_msp.c **** 
  73:Core/Src/stm32f4xx_hal_msp.c ****   /* USER CODE END MspInit 0 */
  74:Core/Src/stm32f4xx_hal_msp.c **** 
  75:Core/Src/stm32f4xx_hal_msp.c ****   __HAL_RCC_SYSCFG_CLK_ENABLE();
  37              		.loc 1 75 3 view .LVU1
  38              	.LBB2:
  39              		.loc 1 75 3 view .LVU2
  40 0002 0021     		movs	r1, #0
ARM GAS  C:\Users\AD\AppData\Local\Temp\ccvMW3ZS.s 			page 3


  41 0004 0091     		str	r1, [sp]
  42              		.loc 1 75 3 view .LVU3
  43 0006 0B4B     		ldr	r3, .L3
  44 0008 5A6C     		ldr	r2, [r3, #68]
  45 000a 42F48042 		orr	r2, r2, #16384
  46 000e 5A64     		str	r2, [r3, #68]
  47              		.loc 1 75 3 view .LVU4
  48 0010 5A6C     		ldr	r2, [r3, #68]
  49 0012 02F48042 		and	r2, r2, #16384
  50 0016 0092     		str	r2, [sp]
  51              		.loc 1 75 3 view .LVU5
  52 0018 009A     		ldr	r2, [sp]
  53              	.LBE2:
  54              		.loc 1 75 3 view .LVU6
  76:Core/Src/stm32f4xx_hal_msp.c ****   __HAL_RCC_PWR_CLK_ENABLE();
  55              		.loc 1 76 3 view .LVU7
  56              	.LBB3:
  57              		.loc 1 76 3 view .LVU8
  58 001a 0191     		str	r1, [sp, #4]
  59              		.loc 1 76 3 view .LVU9
  60 001c 1A6C     		ldr	r2, [r3, #64]
  61 001e 42F08052 		orr	r2, r2, #268435456
  62 0022 1A64     		str	r2, [r3, #64]
  63              		.loc 1 76 3 view .LVU10
  64 0024 1B6C     		ldr	r3, [r3, #64]
  65 0026 03F08053 		and	r3, r3, #268435456
  66 002a 0193     		str	r3, [sp, #4]
  67              		.loc 1 76 3 view .LVU11
  68 002c 019B     		ldr	r3, [sp, #4]
  69              	.LBE3:
  70              		.loc 1 76 3 view .LVU12
  77:Core/Src/stm32f4xx_hal_msp.c **** 
  78:Core/Src/stm32f4xx_hal_msp.c ****   /* System interrupt init*/
  79:Core/Src/stm32f4xx_hal_msp.c **** 
  80:Core/Src/stm32f4xx_hal_msp.c ****   /* USER CODE BEGIN MspInit 1 */
  81:Core/Src/stm32f4xx_hal_msp.c **** 
  82:Core/Src/stm32f4xx_hal_msp.c ****   /* USER CODE END MspInit 1 */
  83:Core/Src/stm32f4xx_hal_msp.c **** }
  71              		.loc 1 83 1 is_stmt 0 view .LVU13
  72 002e 02B0     		add	sp, sp, #8
  73              	.LCFI1:
  74              		.cfi_def_cfa_offset 0
  75              		@ sp needed
  76 0030 7047     		bx	lr
  77              	.L4:
  78 0032 00BF     		.align	2
  79              	.L3:
  80 0034 00380240 		.word	1073887232
  81              		.cfi_endproc
  82              	.LFE134:
  84              		.section	.text.HAL_I2C_MspInit,"ax",%progbits
  85              		.align	1
  86              		.global	HAL_I2C_MspInit
  87              		.syntax unified
  88              		.thumb
  89              		.thumb_func
  91              	HAL_I2C_MspInit:
ARM GAS  C:\Users\AD\AppData\Local\Temp\ccvMW3ZS.s 			page 4


  92              	.LVL0:
  93              	.LFB135:
  84:Core/Src/stm32f4xx_hal_msp.c **** 
  85:Core/Src/stm32f4xx_hal_msp.c **** /**
  86:Core/Src/stm32f4xx_hal_msp.c ****   * @brief I2C MSP Initialization
  87:Core/Src/stm32f4xx_hal_msp.c ****   * This function configures the hardware resources used in this example
  88:Core/Src/stm32f4xx_hal_msp.c ****   * @param hi2c: I2C handle pointer
  89:Core/Src/stm32f4xx_hal_msp.c ****   * @retval None
  90:Core/Src/stm32f4xx_hal_msp.c ****   */
  91:Core/Src/stm32f4xx_hal_msp.c **** void HAL_I2C_MspInit(I2C_HandleTypeDef* hi2c)
  92:Core/Src/stm32f4xx_hal_msp.c **** {
  94              		.loc 1 92 1 is_stmt 1 view -0
  95              		.cfi_startproc
  96              		@ args = 0, pretend = 0, frame = 32
  97              		@ frame_needed = 0, uses_anonymous_args = 0
  98              		.loc 1 92 1 is_stmt 0 view .LVU15
  99 0000 30B5     		push	{r4, r5, lr}
 100              	.LCFI2:
 101              		.cfi_def_cfa_offset 12
 102              		.cfi_offset 4, -12
 103              		.cfi_offset 5, -8
 104              		.cfi_offset 14, -4
 105 0002 89B0     		sub	sp, sp, #36
 106              	.LCFI3:
 107              		.cfi_def_cfa_offset 48
  93:Core/Src/stm32f4xx_hal_msp.c ****   GPIO_InitTypeDef GPIO_InitStruct = {0};
 108              		.loc 1 93 3 is_stmt 1 view .LVU16
 109              		.loc 1 93 20 is_stmt 0 view .LVU17
 110 0004 0023     		movs	r3, #0
 111 0006 0393     		str	r3, [sp, #12]
 112 0008 0493     		str	r3, [sp, #16]
 113 000a 0593     		str	r3, [sp, #20]
 114 000c 0693     		str	r3, [sp, #24]
 115 000e 0793     		str	r3, [sp, #28]
  94:Core/Src/stm32f4xx_hal_msp.c ****   if(hi2c->Instance==I2C1)
 116              		.loc 1 94 3 is_stmt 1 view .LVU18
 117              		.loc 1 94 10 is_stmt 0 view .LVU19
 118 0010 0268     		ldr	r2, [r0]
 119              		.loc 1 94 5 view .LVU20
 120 0012 144B     		ldr	r3, .L9
 121 0014 9A42     		cmp	r2, r3
 122 0016 01D0     		beq	.L8
 123              	.LVL1:
 124              	.L5:
  95:Core/Src/stm32f4xx_hal_msp.c ****   {
  96:Core/Src/stm32f4xx_hal_msp.c ****     /* USER CODE BEGIN I2C1_MspInit 0 */
  97:Core/Src/stm32f4xx_hal_msp.c **** 
  98:Core/Src/stm32f4xx_hal_msp.c ****     /* USER CODE END I2C1_MspInit 0 */
  99:Core/Src/stm32f4xx_hal_msp.c **** 
 100:Core/Src/stm32f4xx_hal_msp.c ****     __HAL_RCC_GPIOB_CLK_ENABLE();
 101:Core/Src/stm32f4xx_hal_msp.c ****     /**I2C1 GPIO Configuration
 102:Core/Src/stm32f4xx_hal_msp.c ****     PB8     ------> I2C1_SCL
 103:Core/Src/stm32f4xx_hal_msp.c ****     PB9     ------> I2C1_SDA
 104:Core/Src/stm32f4xx_hal_msp.c ****     */
 105:Core/Src/stm32f4xx_hal_msp.c ****     GPIO_InitStruct.Pin = GPIO_PIN_8|GPIO_PIN_9;
 106:Core/Src/stm32f4xx_hal_msp.c ****     GPIO_InitStruct.Mode = GPIO_MODE_AF_OD;
 107:Core/Src/stm32f4xx_hal_msp.c ****     GPIO_InitStruct.Pull = GPIO_NOPULL;
ARM GAS  C:\Users\AD\AppData\Local\Temp\ccvMW3ZS.s 			page 5


 108:Core/Src/stm32f4xx_hal_msp.c ****     GPIO_InitStruct.Speed = GPIO_SPEED_FREQ_VERY_HIGH;
 109:Core/Src/stm32f4xx_hal_msp.c ****     GPIO_InitStruct.Alternate = GPIO_AF4_I2C1;
 110:Core/Src/stm32f4xx_hal_msp.c ****     HAL_GPIO_Init(GPIOB, &GPIO_InitStruct);
 111:Core/Src/stm32f4xx_hal_msp.c **** 
 112:Core/Src/stm32f4xx_hal_msp.c ****     /* Peripheral clock enable */
 113:Core/Src/stm32f4xx_hal_msp.c ****     __HAL_RCC_I2C1_CLK_ENABLE();
 114:Core/Src/stm32f4xx_hal_msp.c ****     /* USER CODE BEGIN I2C1_MspInit 1 */
 115:Core/Src/stm32f4xx_hal_msp.c **** 
 116:Core/Src/stm32f4xx_hal_msp.c ****     /* USER CODE END I2C1_MspInit 1 */
 117:Core/Src/stm32f4xx_hal_msp.c **** 
 118:Core/Src/stm32f4xx_hal_msp.c ****   }
 119:Core/Src/stm32f4xx_hal_msp.c **** 
 120:Core/Src/stm32f4xx_hal_msp.c **** }
 125              		.loc 1 120 1 view .LVU21
 126 0018 09B0     		add	sp, sp, #36
 127              	.LCFI4:
 128              		.cfi_remember_state
 129              		.cfi_def_cfa_offset 12
 130              		@ sp needed
 131 001a 30BD     		pop	{r4, r5, pc}
 132              	.LVL2:
 133              	.L8:
 134              	.LCFI5:
 135              		.cfi_restore_state
 100:Core/Src/stm32f4xx_hal_msp.c ****     /**I2C1 GPIO Configuration
 136              		.loc 1 100 5 is_stmt 1 view .LVU22
 137              	.LBB4:
 100:Core/Src/stm32f4xx_hal_msp.c ****     /**I2C1 GPIO Configuration
 138              		.loc 1 100 5 view .LVU23
 139 001c 0025     		movs	r5, #0
 140 001e 0195     		str	r5, [sp, #4]
 100:Core/Src/stm32f4xx_hal_msp.c ****     /**I2C1 GPIO Configuration
 141              		.loc 1 100 5 view .LVU24
 142 0020 114C     		ldr	r4, .L9+4
 143 0022 236B     		ldr	r3, [r4, #48]
 144 0024 43F00203 		orr	r3, r3, #2
 145 0028 2363     		str	r3, [r4, #48]
 100:Core/Src/stm32f4xx_hal_msp.c ****     /**I2C1 GPIO Configuration
 146              		.loc 1 100 5 view .LVU25
 147 002a 236B     		ldr	r3, [r4, #48]
 148 002c 03F00203 		and	r3, r3, #2
 149 0030 0193     		str	r3, [sp, #4]
 100:Core/Src/stm32f4xx_hal_msp.c ****     /**I2C1 GPIO Configuration
 150              		.loc 1 100 5 view .LVU26
 151 0032 019B     		ldr	r3, [sp, #4]
 152              	.LBE4:
 100:Core/Src/stm32f4xx_hal_msp.c ****     /**I2C1 GPIO Configuration
 153              		.loc 1 100 5 view .LVU27
 105:Core/Src/stm32f4xx_hal_msp.c ****     GPIO_InitStruct.Mode = GPIO_MODE_AF_OD;
 154              		.loc 1 105 5 view .LVU28
 105:Core/Src/stm32f4xx_hal_msp.c ****     GPIO_InitStruct.Mode = GPIO_MODE_AF_OD;
 155              		.loc 1 105 25 is_stmt 0 view .LVU29
 156 0034 4FF44073 		mov	r3, #768
 157 0038 0393     		str	r3, [sp, #12]
 106:Core/Src/stm32f4xx_hal_msp.c ****     GPIO_InitStruct.Pull = GPIO_NOPULL;
 158              		.loc 1 106 5 is_stmt 1 view .LVU30
 106:Core/Src/stm32f4xx_hal_msp.c ****     GPIO_InitStruct.Pull = GPIO_NOPULL;
ARM GAS  C:\Users\AD\AppData\Local\Temp\ccvMW3ZS.s 			page 6


 159              		.loc 1 106 26 is_stmt 0 view .LVU31
 160 003a 1223     		movs	r3, #18
 161 003c 0493     		str	r3, [sp, #16]
 107:Core/Src/stm32f4xx_hal_msp.c ****     GPIO_InitStruct.Speed = GPIO_SPEED_FREQ_VERY_HIGH;
 162              		.loc 1 107 5 is_stmt 1 view .LVU32
 108:Core/Src/stm32f4xx_hal_msp.c ****     GPIO_InitStruct.Alternate = GPIO_AF4_I2C1;
 163              		.loc 1 108 5 view .LVU33
 108:Core/Src/stm32f4xx_hal_msp.c ****     GPIO_InitStruct.Alternate = GPIO_AF4_I2C1;
 164              		.loc 1 108 27 is_stmt 0 view .LVU34
 165 003e 0323     		movs	r3, #3
 166 0040 0693     		str	r3, [sp, #24]
 109:Core/Src/stm32f4xx_hal_msp.c ****     HAL_GPIO_Init(GPIOB, &GPIO_InitStruct);
 167              		.loc 1 109 5 is_stmt 1 view .LVU35
 109:Core/Src/stm32f4xx_hal_msp.c ****     HAL_GPIO_Init(GPIOB, &GPIO_InitStruct);
 168              		.loc 1 109 31 is_stmt 0 view .LVU36
 169 0042 0423     		movs	r3, #4
 170 0044 0793     		str	r3, [sp, #28]
 110:Core/Src/stm32f4xx_hal_msp.c **** 
 171              		.loc 1 110 5 is_stmt 1 view .LVU37
 172 0046 03A9     		add	r1, sp, #12
 173 0048 0848     		ldr	r0, .L9+8
 174              	.LVL3:
 110:Core/Src/stm32f4xx_hal_msp.c **** 
 175              		.loc 1 110 5 is_stmt 0 view .LVU38
 176 004a FFF7FEFF 		bl	HAL_GPIO_Init
 177              	.LVL4:
 113:Core/Src/stm32f4xx_hal_msp.c ****     /* USER CODE BEGIN I2C1_MspInit 1 */
 178              		.loc 1 113 5 is_stmt 1 view .LVU39
 179              	.LBB5:
 113:Core/Src/stm32f4xx_hal_msp.c ****     /* USER CODE BEGIN I2C1_MspInit 1 */
 180              		.loc 1 113 5 view .LVU40
 181 004e 0295     		str	r5, [sp, #8]
 113:Core/Src/stm32f4xx_hal_msp.c ****     /* USER CODE BEGIN I2C1_MspInit 1 */
 182              		.loc 1 113 5 view .LVU41
 183 0050 236C     		ldr	r3, [r4, #64]
 184 0052 43F40013 		orr	r3, r3, #2097152
 185 0056 2364     		str	r3, [r4, #64]
 113:Core/Src/stm32f4xx_hal_msp.c ****     /* USER CODE BEGIN I2C1_MspInit 1 */
 186              		.loc 1 113 5 view .LVU42
 187 0058 236C     		ldr	r3, [r4, #64]
 188 005a 03F40013 		and	r3, r3, #2097152
 189 005e 0293     		str	r3, [sp, #8]
 113:Core/Src/stm32f4xx_hal_msp.c ****     /* USER CODE BEGIN I2C1_MspInit 1 */
 190              		.loc 1 113 5 view .LVU43
 191 0060 029B     		ldr	r3, [sp, #8]
 192              	.LBE5:
 113:Core/Src/stm32f4xx_hal_msp.c ****     /* USER CODE BEGIN I2C1_MspInit 1 */
 193              		.loc 1 113 5 discriminator 1 view .LVU44
 194              		.loc 1 120 1 is_stmt 0 view .LVU45
 195 0062 D9E7     		b	.L5
 196              	.L10:
 197              		.align	2
 198              	.L9:
 199 0064 00540040 		.word	1073763328
 200 0068 00380240 		.word	1073887232
 201 006c 00040240 		.word	1073873920
 202              		.cfi_endproc
ARM GAS  C:\Users\AD\AppData\Local\Temp\ccvMW3ZS.s 			page 7


 203              	.LFE135:
 205              		.section	.text.HAL_I2C_MspDeInit,"ax",%progbits
 206              		.align	1
 207              		.global	HAL_I2C_MspDeInit
 208              		.syntax unified
 209              		.thumb
 210              		.thumb_func
 212              	HAL_I2C_MspDeInit:
 213              	.LVL5:
 214              	.LFB136:
 121:Core/Src/stm32f4xx_hal_msp.c **** 
 122:Core/Src/stm32f4xx_hal_msp.c **** /**
 123:Core/Src/stm32f4xx_hal_msp.c ****   * @brief I2C MSP De-Initialization
 124:Core/Src/stm32f4xx_hal_msp.c ****   * This function freeze the hardware resources used in this example
 125:Core/Src/stm32f4xx_hal_msp.c ****   * @param hi2c: I2C handle pointer
 126:Core/Src/stm32f4xx_hal_msp.c ****   * @retval None
 127:Core/Src/stm32f4xx_hal_msp.c ****   */
 128:Core/Src/stm32f4xx_hal_msp.c **** void HAL_I2C_MspDeInit(I2C_HandleTypeDef* hi2c)
 129:Core/Src/stm32f4xx_hal_msp.c **** {
 215              		.loc 1 129 1 is_stmt 1 view -0
 216              		.cfi_startproc
 217              		@ args = 0, pretend = 0, frame = 0
 218              		@ frame_needed = 0, uses_anonymous_args = 0
 130:Core/Src/stm32f4xx_hal_msp.c ****   if(hi2c->Instance==I2C1)
 219              		.loc 1 130 3 view .LVU47
 220              		.loc 1 130 10 is_stmt 0 view .LVU48
 221 0000 0268     		ldr	r2, [r0]
 222              		.loc 1 130 5 view .LVU49
 223 0002 0B4B     		ldr	r3, .L18
 224 0004 9A42     		cmp	r2, r3
 225 0006 00D0     		beq	.L17
 226 0008 7047     		bx	lr
 227              	.L17:
 129:Core/Src/stm32f4xx_hal_msp.c ****   if(hi2c->Instance==I2C1)
 228              		.loc 1 129 1 view .LVU50
 229 000a 10B5     		push	{r4, lr}
 230              	.LCFI6:
 231              		.cfi_def_cfa_offset 8
 232              		.cfi_offset 4, -8
 233              		.cfi_offset 14, -4
 131:Core/Src/stm32f4xx_hal_msp.c ****   {
 132:Core/Src/stm32f4xx_hal_msp.c ****     /* USER CODE BEGIN I2C1_MspDeInit 0 */
 133:Core/Src/stm32f4xx_hal_msp.c **** 
 134:Core/Src/stm32f4xx_hal_msp.c ****     /* USER CODE END I2C1_MspDeInit 0 */
 135:Core/Src/stm32f4xx_hal_msp.c ****     /* Peripheral clock disable */
 136:Core/Src/stm32f4xx_hal_msp.c ****     __HAL_RCC_I2C1_CLK_DISABLE();
 234              		.loc 1 136 5 is_stmt 1 view .LVU51
 235 000c 094A     		ldr	r2, .L18+4
 236 000e 136C     		ldr	r3, [r2, #64]
 237 0010 23F40013 		bic	r3, r3, #2097152
 238 0014 1364     		str	r3, [r2, #64]
 137:Core/Src/stm32f4xx_hal_msp.c **** 
 138:Core/Src/stm32f4xx_hal_msp.c ****     /**I2C1 GPIO Configuration
 139:Core/Src/stm32f4xx_hal_msp.c ****     PB8     ------> I2C1_SCL
 140:Core/Src/stm32f4xx_hal_msp.c ****     PB9     ------> I2C1_SDA
 141:Core/Src/stm32f4xx_hal_msp.c ****     */
 142:Core/Src/stm32f4xx_hal_msp.c ****     HAL_GPIO_DeInit(GPIOB, GPIO_PIN_8);
ARM GAS  C:\Users\AD\AppData\Local\Temp\ccvMW3ZS.s 			page 8


 239              		.loc 1 142 5 view .LVU52
 240 0016 084C     		ldr	r4, .L18+8
 241 0018 4FF48071 		mov	r1, #256
 242 001c 2046     		mov	r0, r4
 243              	.LVL6:
 244              		.loc 1 142 5 is_stmt 0 view .LVU53
 245 001e FFF7FEFF 		bl	HAL_GPIO_DeInit
 246              	.LVL7:
 143:Core/Src/stm32f4xx_hal_msp.c **** 
 144:Core/Src/stm32f4xx_hal_msp.c ****     HAL_GPIO_DeInit(GPIOB, GPIO_PIN_9);
 247              		.loc 1 144 5 is_stmt 1 view .LVU54
 248 0022 4FF40071 		mov	r1, #512
 249 0026 2046     		mov	r0, r4
 250 0028 FFF7FEFF 		bl	HAL_GPIO_DeInit
 251              	.LVL8:
 145:Core/Src/stm32f4xx_hal_msp.c **** 
 146:Core/Src/stm32f4xx_hal_msp.c ****     /* USER CODE BEGIN I2C1_MspDeInit 1 */
 147:Core/Src/stm32f4xx_hal_msp.c **** 
 148:Core/Src/stm32f4xx_hal_msp.c ****     /* USER CODE END I2C1_MspDeInit 1 */
 149:Core/Src/stm32f4xx_hal_msp.c ****   }
 150:Core/Src/stm32f4xx_hal_msp.c **** 
 151:Core/Src/stm32f4xx_hal_msp.c **** }
 252              		.loc 1 151 1 is_stmt 0 view .LVU55
 253 002c 10BD     		pop	{r4, pc}
 254              	.L19:
 255 002e 00BF     		.align	2
 256              	.L18:
 257 0030 00540040 		.word	1073763328
 258 0034 00380240 		.word	1073887232
 259 0038 00040240 		.word	1073873920
 260              		.cfi_endproc
 261              	.LFE136:
 263              		.section	.text.HAL_SPI_MspInit,"ax",%progbits
 264              		.align	1
 265              		.global	HAL_SPI_MspInit
 266              		.syntax unified
 267              		.thumb
 268              		.thumb_func
 270              	HAL_SPI_MspInit:
 271              	.LVL9:
 272              	.LFB137:
 152:Core/Src/stm32f4xx_hal_msp.c **** 
 153:Core/Src/stm32f4xx_hal_msp.c **** /**
 154:Core/Src/stm32f4xx_hal_msp.c ****   * @brief SPI MSP Initialization
 155:Core/Src/stm32f4xx_hal_msp.c ****   * This function configures the hardware resources used in this example
 156:Core/Src/stm32f4xx_hal_msp.c ****   * @param hspi: SPI handle pointer
 157:Core/Src/stm32f4xx_hal_msp.c ****   * @retval None
 158:Core/Src/stm32f4xx_hal_msp.c ****   */
 159:Core/Src/stm32f4xx_hal_msp.c **** void HAL_SPI_MspInit(SPI_HandleTypeDef* hspi)
 160:Core/Src/stm32f4xx_hal_msp.c **** {
 273              		.loc 1 160 1 is_stmt 1 view -0
 274              		.cfi_startproc
 275              		@ args = 0, pretend = 0, frame = 32
 276              		@ frame_needed = 0, uses_anonymous_args = 0
 277              		.loc 1 160 1 is_stmt 0 view .LVU57
 278 0000 30B5     		push	{r4, r5, lr}
 279              	.LCFI7:
ARM GAS  C:\Users\AD\AppData\Local\Temp\ccvMW3ZS.s 			page 9


 280              		.cfi_def_cfa_offset 12
 281              		.cfi_offset 4, -12
 282              		.cfi_offset 5, -8
 283              		.cfi_offset 14, -4
 284 0002 89B0     		sub	sp, sp, #36
 285              	.LCFI8:
 286              		.cfi_def_cfa_offset 48
 161:Core/Src/stm32f4xx_hal_msp.c ****   GPIO_InitTypeDef GPIO_InitStruct = {0};
 287              		.loc 1 161 3 is_stmt 1 view .LVU58
 288              		.loc 1 161 20 is_stmt 0 view .LVU59
 289 0004 0023     		movs	r3, #0
 290 0006 0393     		str	r3, [sp, #12]
 291 0008 0493     		str	r3, [sp, #16]
 292 000a 0593     		str	r3, [sp, #20]
 293 000c 0693     		str	r3, [sp, #24]
 294 000e 0793     		str	r3, [sp, #28]
 162:Core/Src/stm32f4xx_hal_msp.c ****   if(hspi->Instance==SPI3)
 295              		.loc 1 162 3 is_stmt 1 view .LVU60
 296              		.loc 1 162 10 is_stmt 0 view .LVU61
 297 0010 0268     		ldr	r2, [r0]
 298              		.loc 1 162 5 view .LVU62
 299 0012 374B     		ldr	r3, .L28
 300 0014 9A42     		cmp	r2, r3
 301 0016 01D0     		beq	.L25
 302              	.LVL10:
 303              	.L20:
 163:Core/Src/stm32f4xx_hal_msp.c ****   {
 164:Core/Src/stm32f4xx_hal_msp.c ****     /* USER CODE BEGIN SPI3_MspInit 0 */
 165:Core/Src/stm32f4xx_hal_msp.c **** 
 166:Core/Src/stm32f4xx_hal_msp.c ****     /* USER CODE END SPI3_MspInit 0 */
 167:Core/Src/stm32f4xx_hal_msp.c ****     /* Peripheral clock enable */
 168:Core/Src/stm32f4xx_hal_msp.c ****     __HAL_RCC_SPI3_CLK_ENABLE();
 169:Core/Src/stm32f4xx_hal_msp.c **** 
 170:Core/Src/stm32f4xx_hal_msp.c ****     __HAL_RCC_GPIOC_CLK_ENABLE();
 171:Core/Src/stm32f4xx_hal_msp.c ****     /**SPI3 GPIO Configuration
 172:Core/Src/stm32f4xx_hal_msp.c ****     PC10     ------> SPI3_SCK
 173:Core/Src/stm32f4xx_hal_msp.c ****     PC11     ------> SPI3_MISO
 174:Core/Src/stm32f4xx_hal_msp.c ****     PC12     ------> SPI3_MOSI
 175:Core/Src/stm32f4xx_hal_msp.c ****     */
 176:Core/Src/stm32f4xx_hal_msp.c ****     GPIO_InitStruct.Pin = GPIO_PIN_10|GPIO_PIN_11|GPIO_PIN_12;
 177:Core/Src/stm32f4xx_hal_msp.c ****     GPIO_InitStruct.Mode = GPIO_MODE_AF_PP;
 178:Core/Src/stm32f4xx_hal_msp.c ****     GPIO_InitStruct.Pull = GPIO_NOPULL;
 179:Core/Src/stm32f4xx_hal_msp.c ****     GPIO_InitStruct.Speed = GPIO_SPEED_FREQ_VERY_HIGH;
 180:Core/Src/stm32f4xx_hal_msp.c ****     GPIO_InitStruct.Alternate = GPIO_AF6_SPI3;
 181:Core/Src/stm32f4xx_hal_msp.c ****     HAL_GPIO_Init(GPIOC, &GPIO_InitStruct);
 182:Core/Src/stm32f4xx_hal_msp.c **** 
 183:Core/Src/stm32f4xx_hal_msp.c ****     /* SPI3 DMA Init */
 184:Core/Src/stm32f4xx_hal_msp.c ****     /* SPI3_RX Init */
 185:Core/Src/stm32f4xx_hal_msp.c ****     hdma_spi3_rx.Instance = DMA1_Stream0;
 186:Core/Src/stm32f4xx_hal_msp.c ****     hdma_spi3_rx.Init.Channel = DMA_CHANNEL_0;
 187:Core/Src/stm32f4xx_hal_msp.c ****     hdma_spi3_rx.Init.Direction = DMA_PERIPH_TO_MEMORY;
 188:Core/Src/stm32f4xx_hal_msp.c ****     hdma_spi3_rx.Init.PeriphInc = DMA_PINC_DISABLE;
 189:Core/Src/stm32f4xx_hal_msp.c ****     hdma_spi3_rx.Init.MemInc = DMA_MINC_ENABLE;
 190:Core/Src/stm32f4xx_hal_msp.c ****     hdma_spi3_rx.Init.PeriphDataAlignment = DMA_PDATAALIGN_HALFWORD;
 191:Core/Src/stm32f4xx_hal_msp.c ****     hdma_spi3_rx.Init.MemDataAlignment = DMA_MDATAALIGN_HALFWORD;
 192:Core/Src/stm32f4xx_hal_msp.c ****     hdma_spi3_rx.Init.Mode = DMA_NORMAL;
 193:Core/Src/stm32f4xx_hal_msp.c ****     hdma_spi3_rx.Init.Priority = DMA_PRIORITY_MEDIUM;
ARM GAS  C:\Users\AD\AppData\Local\Temp\ccvMW3ZS.s 			page 10


 194:Core/Src/stm32f4xx_hal_msp.c ****     hdma_spi3_rx.Init.FIFOMode = DMA_FIFOMODE_DISABLE;
 195:Core/Src/stm32f4xx_hal_msp.c ****     if (HAL_DMA_Init(&hdma_spi3_rx) != HAL_OK)
 196:Core/Src/stm32f4xx_hal_msp.c ****     {
 197:Core/Src/stm32f4xx_hal_msp.c ****       Error_Handler();
 198:Core/Src/stm32f4xx_hal_msp.c ****     }
 199:Core/Src/stm32f4xx_hal_msp.c **** 
 200:Core/Src/stm32f4xx_hal_msp.c ****     __HAL_LINKDMA(hspi,hdmarx,hdma_spi3_rx);
 201:Core/Src/stm32f4xx_hal_msp.c **** 
 202:Core/Src/stm32f4xx_hal_msp.c ****     /* SPI3_TX Init */
 203:Core/Src/stm32f4xx_hal_msp.c ****     hdma_spi3_tx.Instance = DMA1_Stream5;
 204:Core/Src/stm32f4xx_hal_msp.c ****     hdma_spi3_tx.Init.Channel = DMA_CHANNEL_0;
 205:Core/Src/stm32f4xx_hal_msp.c ****     hdma_spi3_tx.Init.Direction = DMA_MEMORY_TO_PERIPH;
 206:Core/Src/stm32f4xx_hal_msp.c ****     hdma_spi3_tx.Init.PeriphInc = DMA_PINC_DISABLE;
 207:Core/Src/stm32f4xx_hal_msp.c ****     hdma_spi3_tx.Init.MemInc = DMA_MINC_ENABLE;
 208:Core/Src/stm32f4xx_hal_msp.c ****     hdma_spi3_tx.Init.PeriphDataAlignment = DMA_PDATAALIGN_HALFWORD;
 209:Core/Src/stm32f4xx_hal_msp.c ****     hdma_spi3_tx.Init.MemDataAlignment = DMA_MDATAALIGN_HALFWORD;
 210:Core/Src/stm32f4xx_hal_msp.c ****     hdma_spi3_tx.Init.Mode = DMA_NORMAL;
 211:Core/Src/stm32f4xx_hal_msp.c ****     hdma_spi3_tx.Init.Priority = DMA_PRIORITY_MEDIUM;
 212:Core/Src/stm32f4xx_hal_msp.c ****     hdma_spi3_tx.Init.FIFOMode = DMA_FIFOMODE_DISABLE;
 213:Core/Src/stm32f4xx_hal_msp.c ****     if (HAL_DMA_Init(&hdma_spi3_tx) != HAL_OK)
 214:Core/Src/stm32f4xx_hal_msp.c ****     {
 215:Core/Src/stm32f4xx_hal_msp.c ****       Error_Handler();
 216:Core/Src/stm32f4xx_hal_msp.c ****     }
 217:Core/Src/stm32f4xx_hal_msp.c **** 
 218:Core/Src/stm32f4xx_hal_msp.c ****     __HAL_LINKDMA(hspi,hdmatx,hdma_spi3_tx);
 219:Core/Src/stm32f4xx_hal_msp.c **** 
 220:Core/Src/stm32f4xx_hal_msp.c ****     /* SPI3 interrupt Init */
 221:Core/Src/stm32f4xx_hal_msp.c ****     HAL_NVIC_SetPriority(SPI3_IRQn, 0, 0);
 222:Core/Src/stm32f4xx_hal_msp.c ****     HAL_NVIC_EnableIRQ(SPI3_IRQn);
 223:Core/Src/stm32f4xx_hal_msp.c ****     /* USER CODE BEGIN SPI3_MspInit 1 */
 224:Core/Src/stm32f4xx_hal_msp.c **** 
 225:Core/Src/stm32f4xx_hal_msp.c ****     /* USER CODE END SPI3_MspInit 1 */
 226:Core/Src/stm32f4xx_hal_msp.c **** 
 227:Core/Src/stm32f4xx_hal_msp.c ****   }
 228:Core/Src/stm32f4xx_hal_msp.c **** 
 229:Core/Src/stm32f4xx_hal_msp.c **** }
 304              		.loc 1 229 1 view .LVU63
 305 0018 09B0     		add	sp, sp, #36
 306              	.LCFI9:
 307              		.cfi_remember_state
 308              		.cfi_def_cfa_offset 12
 309              		@ sp needed
 310 001a 30BD     		pop	{r4, r5, pc}
 311              	.LVL11:
 312              	.L25:
 313              	.LCFI10:
 314              		.cfi_restore_state
 315              		.loc 1 229 1 view .LVU64
 316 001c 0446     		mov	r4, r0
 168:Core/Src/stm32f4xx_hal_msp.c **** 
 317              		.loc 1 168 5 is_stmt 1 view .LVU65
 318              	.LBB6:
 168:Core/Src/stm32f4xx_hal_msp.c **** 
 319              		.loc 1 168 5 view .LVU66
 320 001e 0025     		movs	r5, #0
 321 0020 0195     		str	r5, [sp, #4]
 168:Core/Src/stm32f4xx_hal_msp.c **** 
ARM GAS  C:\Users\AD\AppData\Local\Temp\ccvMW3ZS.s 			page 11


 322              		.loc 1 168 5 view .LVU67
 323 0022 03F5FE33 		add	r3, r3, #130048
 324 0026 1A6C     		ldr	r2, [r3, #64]
 325 0028 42F40042 		orr	r2, r2, #32768
 326 002c 1A64     		str	r2, [r3, #64]
 168:Core/Src/stm32f4xx_hal_msp.c **** 
 327              		.loc 1 168 5 view .LVU68
 328 002e 1A6C     		ldr	r2, [r3, #64]
 329 0030 02F40042 		and	r2, r2, #32768
 330 0034 0192     		str	r2, [sp, #4]
 168:Core/Src/stm32f4xx_hal_msp.c **** 
 331              		.loc 1 168 5 view .LVU69
 332 0036 019A     		ldr	r2, [sp, #4]
 333              	.LBE6:
 168:Core/Src/stm32f4xx_hal_msp.c **** 
 334              		.loc 1 168 5 view .LVU70
 170:Core/Src/stm32f4xx_hal_msp.c ****     /**SPI3 GPIO Configuration
 335              		.loc 1 170 5 view .LVU71
 336              	.LBB7:
 170:Core/Src/stm32f4xx_hal_msp.c ****     /**SPI3 GPIO Configuration
 337              		.loc 1 170 5 view .LVU72
 338 0038 0295     		str	r5, [sp, #8]
 170:Core/Src/stm32f4xx_hal_msp.c ****     /**SPI3 GPIO Configuration
 339              		.loc 1 170 5 view .LVU73
 340 003a 1A6B     		ldr	r2, [r3, #48]
 341 003c 42F00402 		orr	r2, r2, #4
 342 0040 1A63     		str	r2, [r3, #48]
 170:Core/Src/stm32f4xx_hal_msp.c ****     /**SPI3 GPIO Configuration
 343              		.loc 1 170 5 view .LVU74
 344 0042 1B6B     		ldr	r3, [r3, #48]
 345 0044 03F00403 		and	r3, r3, #4
 346 0048 0293     		str	r3, [sp, #8]
 170:Core/Src/stm32f4xx_hal_msp.c ****     /**SPI3 GPIO Configuration
 347              		.loc 1 170 5 view .LVU75
 348 004a 029B     		ldr	r3, [sp, #8]
 349              	.LBE7:
 170:Core/Src/stm32f4xx_hal_msp.c ****     /**SPI3 GPIO Configuration
 350              		.loc 1 170 5 view .LVU76
 176:Core/Src/stm32f4xx_hal_msp.c ****     GPIO_InitStruct.Mode = GPIO_MODE_AF_PP;
 351              		.loc 1 176 5 view .LVU77
 176:Core/Src/stm32f4xx_hal_msp.c ****     GPIO_InitStruct.Mode = GPIO_MODE_AF_PP;
 352              		.loc 1 176 25 is_stmt 0 view .LVU78
 353 004c 4FF4E053 		mov	r3, #7168
 354 0050 0393     		str	r3, [sp, #12]
 177:Core/Src/stm32f4xx_hal_msp.c ****     GPIO_InitStruct.Pull = GPIO_NOPULL;
 355              		.loc 1 177 5 is_stmt 1 view .LVU79
 177:Core/Src/stm32f4xx_hal_msp.c ****     GPIO_InitStruct.Pull = GPIO_NOPULL;
 356              		.loc 1 177 26 is_stmt 0 view .LVU80
 357 0052 0223     		movs	r3, #2
 358 0054 0493     		str	r3, [sp, #16]
 178:Core/Src/stm32f4xx_hal_msp.c ****     GPIO_InitStruct.Speed = GPIO_SPEED_FREQ_VERY_HIGH;
 359              		.loc 1 178 5 is_stmt 1 view .LVU81
 179:Core/Src/stm32f4xx_hal_msp.c ****     GPIO_InitStruct.Alternate = GPIO_AF6_SPI3;
 360              		.loc 1 179 5 view .LVU82
 179:Core/Src/stm32f4xx_hal_msp.c ****     GPIO_InitStruct.Alternate = GPIO_AF6_SPI3;
 361              		.loc 1 179 27 is_stmt 0 view .LVU83
 362 0056 0323     		movs	r3, #3
ARM GAS  C:\Users\AD\AppData\Local\Temp\ccvMW3ZS.s 			page 12


 363 0058 0693     		str	r3, [sp, #24]
 180:Core/Src/stm32f4xx_hal_msp.c ****     HAL_GPIO_Init(GPIOC, &GPIO_InitStruct);
 364              		.loc 1 180 5 is_stmt 1 view .LVU84
 180:Core/Src/stm32f4xx_hal_msp.c ****     HAL_GPIO_Init(GPIOC, &GPIO_InitStruct);
 365              		.loc 1 180 31 is_stmt 0 view .LVU85
 366 005a 0623     		movs	r3, #6
 367 005c 0793     		str	r3, [sp, #28]
 181:Core/Src/stm32f4xx_hal_msp.c **** 
 368              		.loc 1 181 5 is_stmt 1 view .LVU86
 369 005e 03A9     		add	r1, sp, #12
 370 0060 2448     		ldr	r0, .L28+4
 371              	.LVL12:
 181:Core/Src/stm32f4xx_hal_msp.c **** 
 372              		.loc 1 181 5 is_stmt 0 view .LVU87
 373 0062 FFF7FEFF 		bl	HAL_GPIO_Init
 374              	.LVL13:
 185:Core/Src/stm32f4xx_hal_msp.c ****     hdma_spi3_rx.Init.Channel = DMA_CHANNEL_0;
 375              		.loc 1 185 5 is_stmt 1 view .LVU88
 185:Core/Src/stm32f4xx_hal_msp.c ****     hdma_spi3_rx.Init.Channel = DMA_CHANNEL_0;
 376              		.loc 1 185 27 is_stmt 0 view .LVU89
 377 0066 2448     		ldr	r0, .L28+8
 378 0068 244B     		ldr	r3, .L28+12
 379 006a 0360     		str	r3, [r0]
 186:Core/Src/stm32f4xx_hal_msp.c ****     hdma_spi3_rx.Init.Direction = DMA_PERIPH_TO_MEMORY;
 380              		.loc 1 186 5 is_stmt 1 view .LVU90
 186:Core/Src/stm32f4xx_hal_msp.c ****     hdma_spi3_rx.Init.Direction = DMA_PERIPH_TO_MEMORY;
 381              		.loc 1 186 31 is_stmt 0 view .LVU91
 382 006c 4560     		str	r5, [r0, #4]
 187:Core/Src/stm32f4xx_hal_msp.c ****     hdma_spi3_rx.Init.PeriphInc = DMA_PINC_DISABLE;
 383              		.loc 1 187 5 is_stmt 1 view .LVU92
 187:Core/Src/stm32f4xx_hal_msp.c ****     hdma_spi3_rx.Init.PeriphInc = DMA_PINC_DISABLE;
 384              		.loc 1 187 33 is_stmt 0 view .LVU93
 385 006e 8560     		str	r5, [r0, #8]
 188:Core/Src/stm32f4xx_hal_msp.c ****     hdma_spi3_rx.Init.MemInc = DMA_MINC_ENABLE;
 386              		.loc 1 188 5 is_stmt 1 view .LVU94
 188:Core/Src/stm32f4xx_hal_msp.c ****     hdma_spi3_rx.Init.MemInc = DMA_MINC_ENABLE;
 387              		.loc 1 188 33 is_stmt 0 view .LVU95
 388 0070 C560     		str	r5, [r0, #12]
 189:Core/Src/stm32f4xx_hal_msp.c ****     hdma_spi3_rx.Init.PeriphDataAlignment = DMA_PDATAALIGN_HALFWORD;
 389              		.loc 1 189 5 is_stmt 1 view .LVU96
 189:Core/Src/stm32f4xx_hal_msp.c ****     hdma_spi3_rx.Init.PeriphDataAlignment = DMA_PDATAALIGN_HALFWORD;
 390              		.loc 1 189 30 is_stmt 0 view .LVU97
 391 0072 4FF48063 		mov	r3, #1024
 392 0076 0361     		str	r3, [r0, #16]
 190:Core/Src/stm32f4xx_hal_msp.c ****     hdma_spi3_rx.Init.MemDataAlignment = DMA_MDATAALIGN_HALFWORD;
 393              		.loc 1 190 5 is_stmt 1 view .LVU98
 190:Core/Src/stm32f4xx_hal_msp.c ****     hdma_spi3_rx.Init.MemDataAlignment = DMA_MDATAALIGN_HALFWORD;
 394              		.loc 1 190 43 is_stmt 0 view .LVU99
 395 0078 4FF40063 		mov	r3, #2048
 396 007c 4361     		str	r3, [r0, #20]
 191:Core/Src/stm32f4xx_hal_msp.c ****     hdma_spi3_rx.Init.Mode = DMA_NORMAL;
 397              		.loc 1 191 5 is_stmt 1 view .LVU100
 191:Core/Src/stm32f4xx_hal_msp.c ****     hdma_spi3_rx.Init.Mode = DMA_NORMAL;
 398              		.loc 1 191 40 is_stmt 0 view .LVU101
 399 007e 4FF40053 		mov	r3, #8192
 400 0082 8361     		str	r3, [r0, #24]
 192:Core/Src/stm32f4xx_hal_msp.c ****     hdma_spi3_rx.Init.Priority = DMA_PRIORITY_MEDIUM;
ARM GAS  C:\Users\AD\AppData\Local\Temp\ccvMW3ZS.s 			page 13


 401              		.loc 1 192 5 is_stmt 1 view .LVU102
 192:Core/Src/stm32f4xx_hal_msp.c ****     hdma_spi3_rx.Init.Priority = DMA_PRIORITY_MEDIUM;
 402              		.loc 1 192 28 is_stmt 0 view .LVU103
 403 0084 C561     		str	r5, [r0, #28]
 193:Core/Src/stm32f4xx_hal_msp.c ****     hdma_spi3_rx.Init.FIFOMode = DMA_FIFOMODE_DISABLE;
 404              		.loc 1 193 5 is_stmt 1 view .LVU104
 193:Core/Src/stm32f4xx_hal_msp.c ****     hdma_spi3_rx.Init.FIFOMode = DMA_FIFOMODE_DISABLE;
 405              		.loc 1 193 32 is_stmt 0 view .LVU105
 406 0086 4FF48033 		mov	r3, #65536
 407 008a 0362     		str	r3, [r0, #32]
 194:Core/Src/stm32f4xx_hal_msp.c ****     if (HAL_DMA_Init(&hdma_spi3_rx) != HAL_OK)
 408              		.loc 1 194 5 is_stmt 1 view .LVU106
 194:Core/Src/stm32f4xx_hal_msp.c ****     if (HAL_DMA_Init(&hdma_spi3_rx) != HAL_OK)
 409              		.loc 1 194 32 is_stmt 0 view .LVU107
 410 008c 4562     		str	r5, [r0, #36]
 195:Core/Src/stm32f4xx_hal_msp.c ****     {
 411              		.loc 1 195 5 is_stmt 1 view .LVU108
 195:Core/Src/stm32f4xx_hal_msp.c ****     {
 412              		.loc 1 195 9 is_stmt 0 view .LVU109
 413 008e FFF7FEFF 		bl	HAL_DMA_Init
 414              	.LVL14:
 195:Core/Src/stm32f4xx_hal_msp.c ****     {
 415              		.loc 1 195 8 discriminator 1 view .LVU110
 416 0092 38BB     		cbnz	r0, .L26
 417              	.L22:
 200:Core/Src/stm32f4xx_hal_msp.c **** 
 418              		.loc 1 200 5 is_stmt 1 view .LVU111
 200:Core/Src/stm32f4xx_hal_msp.c **** 
 419              		.loc 1 200 5 view .LVU112
 420 0094 184B     		ldr	r3, .L28+8
 421 0096 E364     		str	r3, [r4, #76]
 200:Core/Src/stm32f4xx_hal_msp.c **** 
 422              		.loc 1 200 5 view .LVU113
 423 0098 9C63     		str	r4, [r3, #56]
 200:Core/Src/stm32f4xx_hal_msp.c **** 
 424              		.loc 1 200 5 view .LVU114
 203:Core/Src/stm32f4xx_hal_msp.c ****     hdma_spi3_tx.Init.Channel = DMA_CHANNEL_0;
 425              		.loc 1 203 5 view .LVU115
 203:Core/Src/stm32f4xx_hal_msp.c ****     hdma_spi3_tx.Init.Channel = DMA_CHANNEL_0;
 426              		.loc 1 203 27 is_stmt 0 view .LVU116
 427 009a 1948     		ldr	r0, .L28+16
 428 009c 194B     		ldr	r3, .L28+20
 429 009e 0360     		str	r3, [r0]
 204:Core/Src/stm32f4xx_hal_msp.c ****     hdma_spi3_tx.Init.Direction = DMA_MEMORY_TO_PERIPH;
 430              		.loc 1 204 5 is_stmt 1 view .LVU117
 204:Core/Src/stm32f4xx_hal_msp.c ****     hdma_spi3_tx.Init.Direction = DMA_MEMORY_TO_PERIPH;
 431              		.loc 1 204 31 is_stmt 0 view .LVU118
 432 00a0 0023     		movs	r3, #0
 433 00a2 4360     		str	r3, [r0, #4]
 205:Core/Src/stm32f4xx_hal_msp.c ****     hdma_spi3_tx.Init.PeriphInc = DMA_PINC_DISABLE;
 434              		.loc 1 205 5 is_stmt 1 view .LVU119
 205:Core/Src/stm32f4xx_hal_msp.c ****     hdma_spi3_tx.Init.PeriphInc = DMA_PINC_DISABLE;
 435              		.loc 1 205 33 is_stmt 0 view .LVU120
 436 00a4 4022     		movs	r2, #64
 437 00a6 8260     		str	r2, [r0, #8]
 206:Core/Src/stm32f4xx_hal_msp.c ****     hdma_spi3_tx.Init.MemInc = DMA_MINC_ENABLE;
 438              		.loc 1 206 5 is_stmt 1 view .LVU121
ARM GAS  C:\Users\AD\AppData\Local\Temp\ccvMW3ZS.s 			page 14


 206:Core/Src/stm32f4xx_hal_msp.c ****     hdma_spi3_tx.Init.MemInc = DMA_MINC_ENABLE;
 439              		.loc 1 206 33 is_stmt 0 view .LVU122
 440 00a8 C360     		str	r3, [r0, #12]
 207:Core/Src/stm32f4xx_hal_msp.c ****     hdma_spi3_tx.Init.PeriphDataAlignment = DMA_PDATAALIGN_HALFWORD;
 441              		.loc 1 207 5 is_stmt 1 view .LVU123
 207:Core/Src/stm32f4xx_hal_msp.c ****     hdma_spi3_tx.Init.PeriphDataAlignment = DMA_PDATAALIGN_HALFWORD;
 442              		.loc 1 207 30 is_stmt 0 view .LVU124
 443 00aa 4FF48062 		mov	r2, #1024
 444 00ae 0261     		str	r2, [r0, #16]
 208:Core/Src/stm32f4xx_hal_msp.c ****     hdma_spi3_tx.Init.MemDataAlignment = DMA_MDATAALIGN_HALFWORD;
 445              		.loc 1 208 5 is_stmt 1 view .LVU125
 208:Core/Src/stm32f4xx_hal_msp.c ****     hdma_spi3_tx.Init.MemDataAlignment = DMA_MDATAALIGN_HALFWORD;
 446              		.loc 1 208 43 is_stmt 0 view .LVU126
 447 00b0 4FF40062 		mov	r2, #2048
 448 00b4 4261     		str	r2, [r0, #20]
 209:Core/Src/stm32f4xx_hal_msp.c ****     hdma_spi3_tx.Init.Mode = DMA_NORMAL;
 449              		.loc 1 209 5 is_stmt 1 view .LVU127
 209:Core/Src/stm32f4xx_hal_msp.c ****     hdma_spi3_tx.Init.Mode = DMA_NORMAL;
 450              		.loc 1 209 40 is_stmt 0 view .LVU128
 451 00b6 4FF40052 		mov	r2, #8192
 452 00ba 8261     		str	r2, [r0, #24]
 210:Core/Src/stm32f4xx_hal_msp.c ****     hdma_spi3_tx.Init.Priority = DMA_PRIORITY_MEDIUM;
 453              		.loc 1 210 5 is_stmt 1 view .LVU129
 210:Core/Src/stm32f4xx_hal_msp.c ****     hdma_spi3_tx.Init.Priority = DMA_PRIORITY_MEDIUM;
 454              		.loc 1 210 28 is_stmt 0 view .LVU130
 455 00bc C361     		str	r3, [r0, #28]
 211:Core/Src/stm32f4xx_hal_msp.c ****     hdma_spi3_tx.Init.FIFOMode = DMA_FIFOMODE_DISABLE;
 456              		.loc 1 211 5 is_stmt 1 view .LVU131
 211:Core/Src/stm32f4xx_hal_msp.c ****     hdma_spi3_tx.Init.FIFOMode = DMA_FIFOMODE_DISABLE;
 457              		.loc 1 211 32 is_stmt 0 view .LVU132
 458 00be 4FF48032 		mov	r2, #65536
 459 00c2 0262     		str	r2, [r0, #32]
 212:Core/Src/stm32f4xx_hal_msp.c ****     if (HAL_DMA_Init(&hdma_spi3_tx) != HAL_OK)
 460              		.loc 1 212 5 is_stmt 1 view .LVU133
 212:Core/Src/stm32f4xx_hal_msp.c ****     if (HAL_DMA_Init(&hdma_spi3_tx) != HAL_OK)
 461              		.loc 1 212 32 is_stmt 0 view .LVU134
 462 00c4 4362     		str	r3, [r0, #36]
 213:Core/Src/stm32f4xx_hal_msp.c ****     {
 463              		.loc 1 213 5 is_stmt 1 view .LVU135
 213:Core/Src/stm32f4xx_hal_msp.c ****     {
 464              		.loc 1 213 9 is_stmt 0 view .LVU136
 465 00c6 FFF7FEFF 		bl	HAL_DMA_Init
 466              	.LVL15:
 213:Core/Src/stm32f4xx_hal_msp.c ****     {
 467              		.loc 1 213 8 discriminator 1 view .LVU137
 468 00ca 70B9     		cbnz	r0, .L27
 469              	.L23:
 218:Core/Src/stm32f4xx_hal_msp.c **** 
 470              		.loc 1 218 5 is_stmt 1 view .LVU138
 218:Core/Src/stm32f4xx_hal_msp.c **** 
 471              		.loc 1 218 5 view .LVU139
 472 00cc 0C4B     		ldr	r3, .L28+16
 473 00ce A364     		str	r3, [r4, #72]
 218:Core/Src/stm32f4xx_hal_msp.c **** 
 474              		.loc 1 218 5 view .LVU140
 475 00d0 9C63     		str	r4, [r3, #56]
 218:Core/Src/stm32f4xx_hal_msp.c **** 
ARM GAS  C:\Users\AD\AppData\Local\Temp\ccvMW3ZS.s 			page 15


 476              		.loc 1 218 5 view .LVU141
 221:Core/Src/stm32f4xx_hal_msp.c ****     HAL_NVIC_EnableIRQ(SPI3_IRQn);
 477              		.loc 1 221 5 view .LVU142
 478 00d2 0022     		movs	r2, #0
 479 00d4 1146     		mov	r1, r2
 480 00d6 3320     		movs	r0, #51
 481 00d8 FFF7FEFF 		bl	HAL_NVIC_SetPriority
 482              	.LVL16:
 222:Core/Src/stm32f4xx_hal_msp.c ****     /* USER CODE BEGIN SPI3_MspInit 1 */
 483              		.loc 1 222 5 view .LVU143
 484 00dc 3320     		movs	r0, #51
 485 00de FFF7FEFF 		bl	HAL_NVIC_EnableIRQ
 486              	.LVL17:
 487              		.loc 1 229 1 is_stmt 0 view .LVU144
 488 00e2 99E7     		b	.L20
 489              	.L26:
 197:Core/Src/stm32f4xx_hal_msp.c ****     }
 490              		.loc 1 197 7 is_stmt 1 view .LVU145
 491 00e4 FFF7FEFF 		bl	Error_Handler
 492              	.LVL18:
 493 00e8 D4E7     		b	.L22
 494              	.L27:
 215:Core/Src/stm32f4xx_hal_msp.c ****     }
 495              		.loc 1 215 7 view .LVU146
 496 00ea FFF7FEFF 		bl	Error_Handler
 497              	.LVL19:
 498 00ee EDE7     		b	.L23
 499              	.L29:
 500              		.align	2
 501              	.L28:
 502 00f0 003C0040 		.word	1073757184
 503 00f4 00080240 		.word	1073874944
 504 00f8 00000000 		.word	hdma_spi3_rx
 505 00fc 10600240 		.word	1073897488
 506 0100 00000000 		.word	hdma_spi3_tx
 507 0104 88600240 		.word	1073897608
 508              		.cfi_endproc
 509              	.LFE137:
 511              		.section	.text.HAL_SPI_MspDeInit,"ax",%progbits
 512              		.align	1
 513              		.global	HAL_SPI_MspDeInit
 514              		.syntax unified
 515              		.thumb
 516              		.thumb_func
 518              	HAL_SPI_MspDeInit:
 519              	.LVL20:
 520              	.LFB138:
 230:Core/Src/stm32f4xx_hal_msp.c **** 
 231:Core/Src/stm32f4xx_hal_msp.c **** /**
 232:Core/Src/stm32f4xx_hal_msp.c ****   * @brief SPI MSP De-Initialization
 233:Core/Src/stm32f4xx_hal_msp.c ****   * This function freeze the hardware resources used in this example
 234:Core/Src/stm32f4xx_hal_msp.c ****   * @param hspi: SPI handle pointer
 235:Core/Src/stm32f4xx_hal_msp.c ****   * @retval None
 236:Core/Src/stm32f4xx_hal_msp.c ****   */
 237:Core/Src/stm32f4xx_hal_msp.c **** void HAL_SPI_MspDeInit(SPI_HandleTypeDef* hspi)
 238:Core/Src/stm32f4xx_hal_msp.c **** {
 521              		.loc 1 238 1 view -0
ARM GAS  C:\Users\AD\AppData\Local\Temp\ccvMW3ZS.s 			page 16


 522              		.cfi_startproc
 523              		@ args = 0, pretend = 0, frame = 0
 524              		@ frame_needed = 0, uses_anonymous_args = 0
 239:Core/Src/stm32f4xx_hal_msp.c ****   if(hspi->Instance==SPI3)
 525              		.loc 1 239 3 view .LVU148
 526              		.loc 1 239 10 is_stmt 0 view .LVU149
 527 0000 0268     		ldr	r2, [r0]
 528              		.loc 1 239 5 view .LVU150
 529 0002 0D4B     		ldr	r3, .L37
 530 0004 9A42     		cmp	r2, r3
 531 0006 00D0     		beq	.L36
 532 0008 7047     		bx	lr
 533              	.L36:
 238:Core/Src/stm32f4xx_hal_msp.c ****   if(hspi->Instance==SPI3)
 534              		.loc 1 238 1 view .LVU151
 535 000a 10B5     		push	{r4, lr}
 536              	.LCFI11:
 537              		.cfi_def_cfa_offset 8
 538              		.cfi_offset 4, -8
 539              		.cfi_offset 14, -4
 540 000c 0446     		mov	r4, r0
 240:Core/Src/stm32f4xx_hal_msp.c ****   {
 241:Core/Src/stm32f4xx_hal_msp.c ****     /* USER CODE BEGIN SPI3_MspDeInit 0 */
 242:Core/Src/stm32f4xx_hal_msp.c **** 
 243:Core/Src/stm32f4xx_hal_msp.c ****     /* USER CODE END SPI3_MspDeInit 0 */
 244:Core/Src/stm32f4xx_hal_msp.c ****     /* Peripheral clock disable */
 245:Core/Src/stm32f4xx_hal_msp.c ****     __HAL_RCC_SPI3_CLK_DISABLE();
 541              		.loc 1 245 5 is_stmt 1 view .LVU152
 542 000e 0B4A     		ldr	r2, .L37+4
 543 0010 136C     		ldr	r3, [r2, #64]
 544 0012 23F40043 		bic	r3, r3, #32768
 545 0016 1364     		str	r3, [r2, #64]
 246:Core/Src/stm32f4xx_hal_msp.c **** 
 247:Core/Src/stm32f4xx_hal_msp.c ****     /**SPI3 GPIO Configuration
 248:Core/Src/stm32f4xx_hal_msp.c ****     PC10     ------> SPI3_SCK
 249:Core/Src/stm32f4xx_hal_msp.c ****     PC11     ------> SPI3_MISO
 250:Core/Src/stm32f4xx_hal_msp.c ****     PC12     ------> SPI3_MOSI
 251:Core/Src/stm32f4xx_hal_msp.c ****     */
 252:Core/Src/stm32f4xx_hal_msp.c ****     HAL_GPIO_DeInit(GPIOC, GPIO_PIN_10|GPIO_PIN_11|GPIO_PIN_12);
 546              		.loc 1 252 5 view .LVU153
 547 0018 4FF4E051 		mov	r1, #7168
 548 001c 0848     		ldr	r0, .L37+8
 549              	.LVL21:
 550              		.loc 1 252 5 is_stmt 0 view .LVU154
 551 001e FFF7FEFF 		bl	HAL_GPIO_DeInit
 552              	.LVL22:
 253:Core/Src/stm32f4xx_hal_msp.c **** 
 254:Core/Src/stm32f4xx_hal_msp.c ****     /* SPI3 DMA DeInit */
 255:Core/Src/stm32f4xx_hal_msp.c ****     HAL_DMA_DeInit(hspi->hdmarx);
 553              		.loc 1 255 5 is_stmt 1 view .LVU155
 554 0022 E06C     		ldr	r0, [r4, #76]
 555 0024 FFF7FEFF 		bl	HAL_DMA_DeInit
 556              	.LVL23:
 256:Core/Src/stm32f4xx_hal_msp.c ****     HAL_DMA_DeInit(hspi->hdmatx);
 557              		.loc 1 256 5 view .LVU156
 558 0028 A06C     		ldr	r0, [r4, #72]
 559 002a FFF7FEFF 		bl	HAL_DMA_DeInit
ARM GAS  C:\Users\AD\AppData\Local\Temp\ccvMW3ZS.s 			page 17


 560              	.LVL24:
 257:Core/Src/stm32f4xx_hal_msp.c **** 
 258:Core/Src/stm32f4xx_hal_msp.c ****     /* SPI3 interrupt DeInit */
 259:Core/Src/stm32f4xx_hal_msp.c ****     HAL_NVIC_DisableIRQ(SPI3_IRQn);
 561              		.loc 1 259 5 view .LVU157
 562 002e 3320     		movs	r0, #51
 563 0030 FFF7FEFF 		bl	HAL_NVIC_DisableIRQ
 564              	.LVL25:
 260:Core/Src/stm32f4xx_hal_msp.c ****     /* USER CODE BEGIN SPI3_MspDeInit 1 */
 261:Core/Src/stm32f4xx_hal_msp.c **** 
 262:Core/Src/stm32f4xx_hal_msp.c ****     /* USER CODE END SPI3_MspDeInit 1 */
 263:Core/Src/stm32f4xx_hal_msp.c ****   }
 264:Core/Src/stm32f4xx_hal_msp.c **** 
 265:Core/Src/stm32f4xx_hal_msp.c **** }
 565              		.loc 1 265 1 is_stmt 0 view .LVU158
 566 0034 10BD     		pop	{r4, pc}
 567              	.LVL26:
 568              	.L38:
 569              		.loc 1 265 1 view .LVU159
 570 0036 00BF     		.align	2
 571              	.L37:
 572 0038 003C0040 		.word	1073757184
 573 003c 00380240 		.word	1073887232
 574 0040 00080240 		.word	1073874944
 575              		.cfi_endproc
 576              	.LFE138:
 578              		.section	.text.HAL_TIM_Base_MspInit,"ax",%progbits
 579              		.align	1
 580              		.global	HAL_TIM_Base_MspInit
 581              		.syntax unified
 582              		.thumb
 583              		.thumb_func
 585              	HAL_TIM_Base_MspInit:
 586              	.LVL27:
 587              	.LFB139:
 266:Core/Src/stm32f4xx_hal_msp.c **** 
 267:Core/Src/stm32f4xx_hal_msp.c **** /**
 268:Core/Src/stm32f4xx_hal_msp.c ****   * @brief TIM_Base MSP Initialization
 269:Core/Src/stm32f4xx_hal_msp.c ****   * This function configures the hardware resources used in this example
 270:Core/Src/stm32f4xx_hal_msp.c ****   * @param htim_base: TIM_Base handle pointer
 271:Core/Src/stm32f4xx_hal_msp.c ****   * @retval None
 272:Core/Src/stm32f4xx_hal_msp.c ****   */
 273:Core/Src/stm32f4xx_hal_msp.c **** void HAL_TIM_Base_MspInit(TIM_HandleTypeDef* htim_base)
 274:Core/Src/stm32f4xx_hal_msp.c **** {
 588              		.loc 1 274 1 is_stmt 1 view -0
 589              		.cfi_startproc
 590              		@ args = 0, pretend = 0, frame = 8
 591              		@ frame_needed = 0, uses_anonymous_args = 0
 275:Core/Src/stm32f4xx_hal_msp.c ****   if(htim_base->Instance==TIM1)
 592              		.loc 1 275 3 view .LVU161
 593              		.loc 1 275 15 is_stmt 0 view .LVU162
 594 0000 0268     		ldr	r2, [r0]
 595              		.loc 1 275 5 view .LVU163
 596 0002 0E4B     		ldr	r3, .L46
 597 0004 9A42     		cmp	r2, r3
 598 0006 00D0     		beq	.L45
 599 0008 7047     		bx	lr
ARM GAS  C:\Users\AD\AppData\Local\Temp\ccvMW3ZS.s 			page 18


 600              	.L45:
 274:Core/Src/stm32f4xx_hal_msp.c ****   if(htim_base->Instance==TIM1)
 601              		.loc 1 274 1 view .LVU164
 602 000a 00B5     		push	{lr}
 603              	.LCFI12:
 604              		.cfi_def_cfa_offset 4
 605              		.cfi_offset 14, -4
 606 000c 83B0     		sub	sp, sp, #12
 607              	.LCFI13:
 608              		.cfi_def_cfa_offset 16
 276:Core/Src/stm32f4xx_hal_msp.c ****   {
 277:Core/Src/stm32f4xx_hal_msp.c ****     /* USER CODE BEGIN TIM1_MspInit 0 */
 278:Core/Src/stm32f4xx_hal_msp.c **** 
 279:Core/Src/stm32f4xx_hal_msp.c ****     /* USER CODE END TIM1_MspInit 0 */
 280:Core/Src/stm32f4xx_hal_msp.c ****     /* Peripheral clock enable */
 281:Core/Src/stm32f4xx_hal_msp.c ****     __HAL_RCC_TIM1_CLK_ENABLE();
 609              		.loc 1 281 5 is_stmt 1 view .LVU165
 610              	.LBB8:
 611              		.loc 1 281 5 view .LVU166
 612 000e 0021     		movs	r1, #0
 613 0010 0191     		str	r1, [sp, #4]
 614              		.loc 1 281 5 view .LVU167
 615 0012 03F59C33 		add	r3, r3, #79872
 616 0016 5A6C     		ldr	r2, [r3, #68]
 617 0018 42F00102 		orr	r2, r2, #1
 618 001c 5A64     		str	r2, [r3, #68]
 619              		.loc 1 281 5 view .LVU168
 620 001e 5B6C     		ldr	r3, [r3, #68]
 621 0020 03F00103 		and	r3, r3, #1
 622 0024 0193     		str	r3, [sp, #4]
 623              		.loc 1 281 5 view .LVU169
 624 0026 019B     		ldr	r3, [sp, #4]
 625              	.LBE8:
 626              		.loc 1 281 5 view .LVU170
 282:Core/Src/stm32f4xx_hal_msp.c ****     /* TIM1 interrupt Init */
 283:Core/Src/stm32f4xx_hal_msp.c ****     HAL_NVIC_SetPriority(TIM1_UP_TIM10_IRQn, 0, 0);
 627              		.loc 1 283 5 view .LVU171
 628 0028 0A46     		mov	r2, r1
 629 002a 1920     		movs	r0, #25
 630              	.LVL28:
 631              		.loc 1 283 5 is_stmt 0 view .LVU172
 632 002c FFF7FEFF 		bl	HAL_NVIC_SetPriority
 633              	.LVL29:
 284:Core/Src/stm32f4xx_hal_msp.c ****     HAL_NVIC_EnableIRQ(TIM1_UP_TIM10_IRQn);
 634              		.loc 1 284 5 is_stmt 1 view .LVU173
 635 0030 1920     		movs	r0, #25
 636 0032 FFF7FEFF 		bl	HAL_NVIC_EnableIRQ
 637              	.LVL30:
 285:Core/Src/stm32f4xx_hal_msp.c ****     /* USER CODE BEGIN TIM1_MspInit 1 */
 286:Core/Src/stm32f4xx_hal_msp.c **** 
 287:Core/Src/stm32f4xx_hal_msp.c ****     /* USER CODE END TIM1_MspInit 1 */
 288:Core/Src/stm32f4xx_hal_msp.c **** 
 289:Core/Src/stm32f4xx_hal_msp.c ****   }
 290:Core/Src/stm32f4xx_hal_msp.c **** 
 291:Core/Src/stm32f4xx_hal_msp.c **** }
 638              		.loc 1 291 1 is_stmt 0 view .LVU174
 639 0036 03B0     		add	sp, sp, #12
ARM GAS  C:\Users\AD\AppData\Local\Temp\ccvMW3ZS.s 			page 19


 640              	.LCFI14:
 641              		.cfi_def_cfa_offset 4
 642              		@ sp needed
 643 0038 5DF804FB 		ldr	pc, [sp], #4
 644              	.L47:
 645              		.align	2
 646              	.L46:
 647 003c 00000140 		.word	1073807360
 648              		.cfi_endproc
 649              	.LFE139:
 651              		.section	.text.HAL_TIM_MspPostInit,"ax",%progbits
 652              		.align	1
 653              		.global	HAL_TIM_MspPostInit
 654              		.syntax unified
 655              		.thumb
 656              		.thumb_func
 658              	HAL_TIM_MspPostInit:
 659              	.LVL31:
 660              	.LFB140:
 292:Core/Src/stm32f4xx_hal_msp.c **** 
 293:Core/Src/stm32f4xx_hal_msp.c **** void HAL_TIM_MspPostInit(TIM_HandleTypeDef* htim)
 294:Core/Src/stm32f4xx_hal_msp.c **** {
 661              		.loc 1 294 1 is_stmt 1 view -0
 662              		.cfi_startproc
 663              		@ args = 0, pretend = 0, frame = 32
 664              		@ frame_needed = 0, uses_anonymous_args = 0
 665              		.loc 1 294 1 is_stmt 0 view .LVU176
 666 0000 F0B5     		push	{r4, r5, r6, r7, lr}
 667              	.LCFI15:
 668              		.cfi_def_cfa_offset 20
 669              		.cfi_offset 4, -20
 670              		.cfi_offset 5, -16
 671              		.cfi_offset 6, -12
 672              		.cfi_offset 7, -8
 673              		.cfi_offset 14, -4
 674 0002 89B0     		sub	sp, sp, #36
 675              	.LCFI16:
 676              		.cfi_def_cfa_offset 56
 295:Core/Src/stm32f4xx_hal_msp.c ****   GPIO_InitTypeDef GPIO_InitStruct = {0};
 677              		.loc 1 295 3 is_stmt 1 view .LVU177
 678              		.loc 1 295 20 is_stmt 0 view .LVU178
 679 0004 0023     		movs	r3, #0
 680 0006 0393     		str	r3, [sp, #12]
 681 0008 0493     		str	r3, [sp, #16]
 682 000a 0593     		str	r3, [sp, #20]
 683 000c 0693     		str	r3, [sp, #24]
 684 000e 0793     		str	r3, [sp, #28]
 296:Core/Src/stm32f4xx_hal_msp.c ****   if(htim->Instance==TIM1)
 685              		.loc 1 296 3 is_stmt 1 view .LVU179
 686              		.loc 1 296 10 is_stmt 0 view .LVU180
 687 0010 0268     		ldr	r2, [r0]
 688              		.loc 1 296 5 view .LVU181
 689 0012 1A4B     		ldr	r3, .L52
 690 0014 9A42     		cmp	r2, r3
 691 0016 01D0     		beq	.L51
 692              	.LVL32:
 693              	.L48:
ARM GAS  C:\Users\AD\AppData\Local\Temp\ccvMW3ZS.s 			page 20


 297:Core/Src/stm32f4xx_hal_msp.c ****   {
 298:Core/Src/stm32f4xx_hal_msp.c ****     /* USER CODE BEGIN TIM1_MspPostInit 0 */
 299:Core/Src/stm32f4xx_hal_msp.c **** 
 300:Core/Src/stm32f4xx_hal_msp.c ****     /* USER CODE END TIM1_MspPostInit 0 */
 301:Core/Src/stm32f4xx_hal_msp.c **** 
 302:Core/Src/stm32f4xx_hal_msp.c ****     __HAL_RCC_GPIOB_CLK_ENABLE();
 303:Core/Src/stm32f4xx_hal_msp.c ****     __HAL_RCC_GPIOA_CLK_ENABLE();
 304:Core/Src/stm32f4xx_hal_msp.c ****     /**TIM1 GPIO Configuration
 305:Core/Src/stm32f4xx_hal_msp.c ****     PB13     ------> TIM1_CH1N
 306:Core/Src/stm32f4xx_hal_msp.c ****     PB14     ------> TIM1_CH2N
 307:Core/Src/stm32f4xx_hal_msp.c ****     PB15     ------> TIM1_CH3N
 308:Core/Src/stm32f4xx_hal_msp.c ****     PA8     ------> TIM1_CH1
 309:Core/Src/stm32f4xx_hal_msp.c ****     PA9     ------> TIM1_CH2
 310:Core/Src/stm32f4xx_hal_msp.c ****     PA10     ------> TIM1_CH3
 311:Core/Src/stm32f4xx_hal_msp.c ****     */
 312:Core/Src/stm32f4xx_hal_msp.c ****     GPIO_InitStruct.Pin = GPIO_PIN_13|GPIO_PIN_14|GPIO_PIN_15;
 313:Core/Src/stm32f4xx_hal_msp.c ****     GPIO_InitStruct.Mode = GPIO_MODE_AF_PP;
 314:Core/Src/stm32f4xx_hal_msp.c ****     GPIO_InitStruct.Pull = GPIO_NOPULL;
 315:Core/Src/stm32f4xx_hal_msp.c ****     GPIO_InitStruct.Speed = GPIO_SPEED_FREQ_LOW;
 316:Core/Src/stm32f4xx_hal_msp.c ****     GPIO_InitStruct.Alternate = GPIO_AF1_TIM1;
 317:Core/Src/stm32f4xx_hal_msp.c ****     HAL_GPIO_Init(GPIOB, &GPIO_InitStruct);
 318:Core/Src/stm32f4xx_hal_msp.c **** 
 319:Core/Src/stm32f4xx_hal_msp.c ****     GPIO_InitStruct.Pin = GPIO_PIN_8|GPIO_PIN_9|GPIO_PIN_10;
 320:Core/Src/stm32f4xx_hal_msp.c ****     GPIO_InitStruct.Mode = GPIO_MODE_AF_PP;
 321:Core/Src/stm32f4xx_hal_msp.c ****     GPIO_InitStruct.Pull = GPIO_NOPULL;
 322:Core/Src/stm32f4xx_hal_msp.c ****     GPIO_InitStruct.Speed = GPIO_SPEED_FREQ_LOW;
 323:Core/Src/stm32f4xx_hal_msp.c ****     GPIO_InitStruct.Alternate = GPIO_AF1_TIM1;
 324:Core/Src/stm32f4xx_hal_msp.c ****     HAL_GPIO_Init(GPIOA, &GPIO_InitStruct);
 325:Core/Src/stm32f4xx_hal_msp.c **** 
 326:Core/Src/stm32f4xx_hal_msp.c ****     /* USER CODE BEGIN TIM1_MspPostInit 1 */
 327:Core/Src/stm32f4xx_hal_msp.c **** 
 328:Core/Src/stm32f4xx_hal_msp.c ****     /* USER CODE END TIM1_MspPostInit 1 */
 329:Core/Src/stm32f4xx_hal_msp.c ****   }
 330:Core/Src/stm32f4xx_hal_msp.c **** 
 331:Core/Src/stm32f4xx_hal_msp.c **** }
 694              		.loc 1 331 1 view .LVU182
 695 0018 09B0     		add	sp, sp, #36
 696              	.LCFI17:
 697              		.cfi_remember_state
 698              		.cfi_def_cfa_offset 20
 699              		@ sp needed
 700 001a F0BD     		pop	{r4, r5, r6, r7, pc}
 701              	.LVL33:
 702              	.L51:
 703              	.LCFI18:
 704              		.cfi_restore_state
 302:Core/Src/stm32f4xx_hal_msp.c ****     __HAL_RCC_GPIOA_CLK_ENABLE();
 705              		.loc 1 302 5 is_stmt 1 view .LVU183
 706              	.LBB9:
 302:Core/Src/stm32f4xx_hal_msp.c ****     __HAL_RCC_GPIOA_CLK_ENABLE();
 707              		.loc 1 302 5 view .LVU184
 708 001c 0024     		movs	r4, #0
 709 001e 0194     		str	r4, [sp, #4]
 302:Core/Src/stm32f4xx_hal_msp.c ****     __HAL_RCC_GPIOA_CLK_ENABLE();
 710              		.loc 1 302 5 view .LVU185
 711 0020 03F59C33 		add	r3, r3, #79872
 712 0024 1A6B     		ldr	r2, [r3, #48]
ARM GAS  C:\Users\AD\AppData\Local\Temp\ccvMW3ZS.s 			page 21


 713 0026 42F00202 		orr	r2, r2, #2
 714 002a 1A63     		str	r2, [r3, #48]
 302:Core/Src/stm32f4xx_hal_msp.c ****     __HAL_RCC_GPIOA_CLK_ENABLE();
 715              		.loc 1 302 5 view .LVU186
 716 002c 1A6B     		ldr	r2, [r3, #48]
 717 002e 02F00202 		and	r2, r2, #2
 718 0032 0192     		str	r2, [sp, #4]
 302:Core/Src/stm32f4xx_hal_msp.c ****     __HAL_RCC_GPIOA_CLK_ENABLE();
 719              		.loc 1 302 5 view .LVU187
 720 0034 019A     		ldr	r2, [sp, #4]
 721              	.LBE9:
 302:Core/Src/stm32f4xx_hal_msp.c ****     __HAL_RCC_GPIOA_CLK_ENABLE();
 722              		.loc 1 302 5 view .LVU188
 303:Core/Src/stm32f4xx_hal_msp.c ****     /**TIM1 GPIO Configuration
 723              		.loc 1 303 5 view .LVU189
 724              	.LBB10:
 303:Core/Src/stm32f4xx_hal_msp.c ****     /**TIM1 GPIO Configuration
 725              		.loc 1 303 5 view .LVU190
 726 0036 0294     		str	r4, [sp, #8]
 303:Core/Src/stm32f4xx_hal_msp.c ****     /**TIM1 GPIO Configuration
 727              		.loc 1 303 5 view .LVU191
 728 0038 1A6B     		ldr	r2, [r3, #48]
 729 003a 42F00102 		orr	r2, r2, #1
 730 003e 1A63     		str	r2, [r3, #48]
 303:Core/Src/stm32f4xx_hal_msp.c ****     /**TIM1 GPIO Configuration
 731              		.loc 1 303 5 view .LVU192
 732 0040 1B6B     		ldr	r3, [r3, #48]
 733 0042 03F00103 		and	r3, r3, #1
 734 0046 0293     		str	r3, [sp, #8]
 303:Core/Src/stm32f4xx_hal_msp.c ****     /**TIM1 GPIO Configuration
 735              		.loc 1 303 5 view .LVU193
 736 0048 029B     		ldr	r3, [sp, #8]
 737              	.LBE10:
 303:Core/Src/stm32f4xx_hal_msp.c ****     /**TIM1 GPIO Configuration
 738              		.loc 1 303 5 view .LVU194
 312:Core/Src/stm32f4xx_hal_msp.c ****     GPIO_InitStruct.Mode = GPIO_MODE_AF_PP;
 739              		.loc 1 312 5 view .LVU195
 312:Core/Src/stm32f4xx_hal_msp.c ****     GPIO_InitStruct.Mode = GPIO_MODE_AF_PP;
 740              		.loc 1 312 25 is_stmt 0 view .LVU196
 741 004a 4FF46043 		mov	r3, #57344
 742 004e 0393     		str	r3, [sp, #12]
 313:Core/Src/stm32f4xx_hal_msp.c ****     GPIO_InitStruct.Pull = GPIO_NOPULL;
 743              		.loc 1 313 5 is_stmt 1 view .LVU197
 313:Core/Src/stm32f4xx_hal_msp.c ****     GPIO_InitStruct.Pull = GPIO_NOPULL;
 744              		.loc 1 313 26 is_stmt 0 view .LVU198
 745 0050 0227     		movs	r7, #2
 746 0052 0497     		str	r7, [sp, #16]
 314:Core/Src/stm32f4xx_hal_msp.c ****     GPIO_InitStruct.Speed = GPIO_SPEED_FREQ_LOW;
 747              		.loc 1 314 5 is_stmt 1 view .LVU199
 315:Core/Src/stm32f4xx_hal_msp.c ****     GPIO_InitStruct.Alternate = GPIO_AF1_TIM1;
 748              		.loc 1 315 5 view .LVU200
 316:Core/Src/stm32f4xx_hal_msp.c ****     HAL_GPIO_Init(GPIOB, &GPIO_InitStruct);
 749              		.loc 1 316 5 view .LVU201
 316:Core/Src/stm32f4xx_hal_msp.c ****     HAL_GPIO_Init(GPIOB, &GPIO_InitStruct);
 750              		.loc 1 316 31 is_stmt 0 view .LVU202
 751 0054 0126     		movs	r6, #1
 752 0056 0796     		str	r6, [sp, #28]
ARM GAS  C:\Users\AD\AppData\Local\Temp\ccvMW3ZS.s 			page 22


 317:Core/Src/stm32f4xx_hal_msp.c **** 
 753              		.loc 1 317 5 is_stmt 1 view .LVU203
 754 0058 03AD     		add	r5, sp, #12
 755 005a 2946     		mov	r1, r5
 756 005c 0848     		ldr	r0, .L52+4
 757              	.LVL34:
 317:Core/Src/stm32f4xx_hal_msp.c **** 
 758              		.loc 1 317 5 is_stmt 0 view .LVU204
 759 005e FFF7FEFF 		bl	HAL_GPIO_Init
 760              	.LVL35:
 319:Core/Src/stm32f4xx_hal_msp.c ****     GPIO_InitStruct.Mode = GPIO_MODE_AF_PP;
 761              		.loc 1 319 5 is_stmt 1 view .LVU205
 319:Core/Src/stm32f4xx_hal_msp.c ****     GPIO_InitStruct.Mode = GPIO_MODE_AF_PP;
 762              		.loc 1 319 25 is_stmt 0 view .LVU206
 763 0062 4FF4E063 		mov	r3, #1792
 764 0066 0393     		str	r3, [sp, #12]
 320:Core/Src/stm32f4xx_hal_msp.c ****     GPIO_InitStruct.Pull = GPIO_NOPULL;
 765              		.loc 1 320 5 is_stmt 1 view .LVU207
 320:Core/Src/stm32f4xx_hal_msp.c ****     GPIO_InitStruct.Pull = GPIO_NOPULL;
 766              		.loc 1 320 26 is_stmt 0 view .LVU208
 767 0068 0497     		str	r7, [sp, #16]
 321:Core/Src/stm32f4xx_hal_msp.c ****     GPIO_InitStruct.Speed = GPIO_SPEED_FREQ_LOW;
 768              		.loc 1 321 5 is_stmt 1 view .LVU209
 321:Core/Src/stm32f4xx_hal_msp.c ****     GPIO_InitStruct.Speed = GPIO_SPEED_FREQ_LOW;
 769              		.loc 1 321 26 is_stmt 0 view .LVU210
 770 006a 0594     		str	r4, [sp, #20]
 322:Core/Src/stm32f4xx_hal_msp.c ****     GPIO_InitStruct.Alternate = GPIO_AF1_TIM1;
 771              		.loc 1 322 5 is_stmt 1 view .LVU211
 322:Core/Src/stm32f4xx_hal_msp.c ****     GPIO_InitStruct.Alternate = GPIO_AF1_TIM1;
 772              		.loc 1 322 27 is_stmt 0 view .LVU212
 773 006c 0694     		str	r4, [sp, #24]
 323:Core/Src/stm32f4xx_hal_msp.c ****     HAL_GPIO_Init(GPIOA, &GPIO_InitStruct);
 774              		.loc 1 323 5 is_stmt 1 view .LVU213
 323:Core/Src/stm32f4xx_hal_msp.c ****     HAL_GPIO_Init(GPIOA, &GPIO_InitStruct);
 775              		.loc 1 323 31 is_stmt 0 view .LVU214
 776 006e 0796     		str	r6, [sp, #28]
 324:Core/Src/stm32f4xx_hal_msp.c **** 
 777              		.loc 1 324 5 is_stmt 1 view .LVU215
 778 0070 2946     		mov	r1, r5
 779 0072 0448     		ldr	r0, .L52+8
 780 0074 FFF7FEFF 		bl	HAL_GPIO_Init
 781              	.LVL36:
 782              		.loc 1 331 1 is_stmt 0 view .LVU216
 783 0078 CEE7     		b	.L48
 784              	.L53:
 785 007a 00BF     		.align	2
 786              	.L52:
 787 007c 00000140 		.word	1073807360
 788 0080 00040240 		.word	1073873920
 789 0084 00000240 		.word	1073872896
 790              		.cfi_endproc
 791              	.LFE140:
 793              		.section	.text.HAL_TIM_Base_MspDeInit,"ax",%progbits
 794              		.align	1
 795              		.global	HAL_TIM_Base_MspDeInit
 796              		.syntax unified
 797              		.thumb
ARM GAS  C:\Users\AD\AppData\Local\Temp\ccvMW3ZS.s 			page 23


 798              		.thumb_func
 800              	HAL_TIM_Base_MspDeInit:
 801              	.LVL37:
 802              	.LFB141:
 332:Core/Src/stm32f4xx_hal_msp.c **** /**
 333:Core/Src/stm32f4xx_hal_msp.c ****   * @brief TIM_Base MSP De-Initialization
 334:Core/Src/stm32f4xx_hal_msp.c ****   * This function freeze the hardware resources used in this example
 335:Core/Src/stm32f4xx_hal_msp.c ****   * @param htim_base: TIM_Base handle pointer
 336:Core/Src/stm32f4xx_hal_msp.c ****   * @retval None
 337:Core/Src/stm32f4xx_hal_msp.c ****   */
 338:Core/Src/stm32f4xx_hal_msp.c **** void HAL_TIM_Base_MspDeInit(TIM_HandleTypeDef* htim_base)
 339:Core/Src/stm32f4xx_hal_msp.c **** {
 803              		.loc 1 339 1 is_stmt 1 view -0
 804              		.cfi_startproc
 805              		@ args = 0, pretend = 0, frame = 0
 806              		@ frame_needed = 0, uses_anonymous_args = 0
 807              		.loc 1 339 1 is_stmt 0 view .LVU218
 808 0000 08B5     		push	{r3, lr}
 809              	.LCFI19:
 810              		.cfi_def_cfa_offset 8
 811              		.cfi_offset 3, -8
 812              		.cfi_offset 14, -4
 340:Core/Src/stm32f4xx_hal_msp.c ****   if(htim_base->Instance==TIM1)
 813              		.loc 1 340 3 is_stmt 1 view .LVU219
 814              		.loc 1 340 15 is_stmt 0 view .LVU220
 815 0002 0268     		ldr	r2, [r0]
 816              		.loc 1 340 5 view .LVU221
 817 0004 064B     		ldr	r3, .L58
 818 0006 9A42     		cmp	r2, r3
 819 0008 00D0     		beq	.L57
 820              	.LVL38:
 821              	.L54:
 341:Core/Src/stm32f4xx_hal_msp.c ****   {
 342:Core/Src/stm32f4xx_hal_msp.c ****     /* USER CODE BEGIN TIM1_MspDeInit 0 */
 343:Core/Src/stm32f4xx_hal_msp.c **** 
 344:Core/Src/stm32f4xx_hal_msp.c ****     /* USER CODE END TIM1_MspDeInit 0 */
 345:Core/Src/stm32f4xx_hal_msp.c ****     /* Peripheral clock disable */
 346:Core/Src/stm32f4xx_hal_msp.c ****     __HAL_RCC_TIM1_CLK_DISABLE();
 347:Core/Src/stm32f4xx_hal_msp.c **** 
 348:Core/Src/stm32f4xx_hal_msp.c ****     /* TIM1 interrupt DeInit */
 349:Core/Src/stm32f4xx_hal_msp.c ****     HAL_NVIC_DisableIRQ(TIM1_UP_TIM10_IRQn);
 350:Core/Src/stm32f4xx_hal_msp.c ****     /* USER CODE BEGIN TIM1_MspDeInit 1 */
 351:Core/Src/stm32f4xx_hal_msp.c **** 
 352:Core/Src/stm32f4xx_hal_msp.c ****     /* USER CODE END TIM1_MspDeInit 1 */
 353:Core/Src/stm32f4xx_hal_msp.c ****   }
 354:Core/Src/stm32f4xx_hal_msp.c **** 
 355:Core/Src/stm32f4xx_hal_msp.c **** }
 822              		.loc 1 355 1 view .LVU222
 823 000a 08BD     		pop	{r3, pc}
 824              	.LVL39:
 825              	.L57:
 346:Core/Src/stm32f4xx_hal_msp.c **** 
 826              		.loc 1 346 5 is_stmt 1 view .LVU223
 827 000c 054A     		ldr	r2, .L58+4
 828 000e 536C     		ldr	r3, [r2, #68]
 829 0010 23F00103 		bic	r3, r3, #1
 830 0014 5364     		str	r3, [r2, #68]
ARM GAS  C:\Users\AD\AppData\Local\Temp\ccvMW3ZS.s 			page 24


 349:Core/Src/stm32f4xx_hal_msp.c ****     /* USER CODE BEGIN TIM1_MspDeInit 1 */
 831              		.loc 1 349 5 view .LVU224
 832 0016 1920     		movs	r0, #25
 833              	.LVL40:
 349:Core/Src/stm32f4xx_hal_msp.c ****     /* USER CODE BEGIN TIM1_MspDeInit 1 */
 834              		.loc 1 349 5 is_stmt 0 view .LVU225
 835 0018 FFF7FEFF 		bl	HAL_NVIC_DisableIRQ
 836              	.LVL41:
 837              		.loc 1 355 1 view .LVU226
 838 001c F5E7     		b	.L54
 839              	.L59:
 840 001e 00BF     		.align	2
 841              	.L58:
 842 0020 00000140 		.word	1073807360
 843 0024 00380240 		.word	1073887232
 844              		.cfi_endproc
 845              	.LFE141:
 847              		.text
 848              	.Letext0:
 849              		.file 2 "Drivers/CMSIS/Device/ST/STM32F4xx/Include/stm32f405xx.h"
 850              		.file 3 "C:/Program Files/arm-gnu-toolchain-14.2.rel1-mingw-w64-i686-arm-none-eabi/arm-none-eabi/i
 851              		.file 4 "C:/Program Files/arm-gnu-toolchain-14.2.rel1-mingw-w64-i686-arm-none-eabi/arm-none-eabi/i
 852              		.file 5 "Drivers/STM32F4xx_HAL_Driver/Inc/stm32f4xx_hal_def.h"
 853              		.file 6 "Drivers/STM32F4xx_HAL_Driver/Inc/stm32f4xx_hal_gpio.h"
 854              		.file 7 "Drivers/STM32F4xx_HAL_Driver/Inc/stm32f4xx_hal_dma.h"
 855              		.file 8 "Drivers/STM32F4xx_HAL_Driver/Inc/stm32f4xx_hal_i2c.h"
 856              		.file 9 "Drivers/STM32F4xx_HAL_Driver/Inc/stm32f4xx_hal_spi.h"
 857              		.file 10 "Drivers/STM32F4xx_HAL_Driver/Inc/stm32f4xx_hal_tim.h"
 858              		.file 11 "Drivers/STM32F4xx_HAL_Driver/Inc/stm32f4xx_hal_cortex.h"
 859              		.file 12 "Core/Inc/main.h"
ARM GAS  C:\Users\AD\AppData\Local\Temp\ccvMW3ZS.s 			page 25


DEFINED SYMBOLS
                            *ABS*:00000000 stm32f4xx_hal_msp.c
C:\Users\AD\AppData\Local\Temp\ccvMW3ZS.s:21     .text.HAL_MspInit:00000000 $t
C:\Users\AD\AppData\Local\Temp\ccvMW3ZS.s:27     .text.HAL_MspInit:00000000 HAL_MspInit
C:\Users\AD\AppData\Local\Temp\ccvMW3ZS.s:80     .text.HAL_MspInit:00000034 $d
C:\Users\AD\AppData\Local\Temp\ccvMW3ZS.s:85     .text.HAL_I2C_MspInit:00000000 $t
C:\Users\AD\AppData\Local\Temp\ccvMW3ZS.s:91     .text.HAL_I2C_MspInit:00000000 HAL_I2C_MspInit
C:\Users\AD\AppData\Local\Temp\ccvMW3ZS.s:199    .text.HAL_I2C_MspInit:00000064 $d
C:\Users\AD\AppData\Local\Temp\ccvMW3ZS.s:206    .text.HAL_I2C_MspDeInit:00000000 $t
C:\Users\AD\AppData\Local\Temp\ccvMW3ZS.s:212    .text.HAL_I2C_MspDeInit:00000000 HAL_I2C_MspDeInit
C:\Users\AD\AppData\Local\Temp\ccvMW3ZS.s:257    .text.HAL_I2C_MspDeInit:00000030 $d
C:\Users\AD\AppData\Local\Temp\ccvMW3ZS.s:264    .text.HAL_SPI_MspInit:00000000 $t
C:\Users\AD\AppData\Local\Temp\ccvMW3ZS.s:270    .text.HAL_SPI_MspInit:00000000 HAL_SPI_MspInit
C:\Users\AD\AppData\Local\Temp\ccvMW3ZS.s:502    .text.HAL_SPI_MspInit:000000f0 $d
C:\Users\AD\AppData\Local\Temp\ccvMW3ZS.s:512    .text.HAL_SPI_MspDeInit:00000000 $t
C:\Users\AD\AppData\Local\Temp\ccvMW3ZS.s:518    .text.HAL_SPI_MspDeInit:00000000 HAL_SPI_MspDeInit
C:\Users\AD\AppData\Local\Temp\ccvMW3ZS.s:572    .text.HAL_SPI_MspDeInit:00000038 $d
C:\Users\AD\AppData\Local\Temp\ccvMW3ZS.s:579    .text.HAL_TIM_Base_MspInit:00000000 $t
C:\Users\AD\AppData\Local\Temp\ccvMW3ZS.s:585    .text.HAL_TIM_Base_MspInit:00000000 HAL_TIM_Base_MspInit
C:\Users\AD\AppData\Local\Temp\ccvMW3ZS.s:647    .text.HAL_TIM_Base_MspInit:0000003c $d
C:\Users\AD\AppData\Local\Temp\ccvMW3ZS.s:652    .text.HAL_TIM_MspPostInit:00000000 $t
C:\Users\AD\AppData\Local\Temp\ccvMW3ZS.s:658    .text.HAL_TIM_MspPostInit:00000000 HAL_TIM_MspPostInit
C:\Users\AD\AppData\Local\Temp\ccvMW3ZS.s:787    .text.HAL_TIM_MspPostInit:0000007c $d
C:\Users\AD\AppData\Local\Temp\ccvMW3ZS.s:794    .text.HAL_TIM_Base_MspDeInit:00000000 $t
C:\Users\AD\AppData\Local\Temp\ccvMW3ZS.s:800    .text.HAL_TIM_Base_MspDeInit:00000000 HAL_TIM_Base_MspDeInit
C:\Users\AD\AppData\Local\Temp\ccvMW3ZS.s:842    .text.HAL_TIM_Base_MspDeInit:00000020 $d

UNDEFINED SYMBOLS
HAL_GPIO_Init
HAL_GPIO_DeInit
HAL_DMA_Init
HAL_NVIC_SetPriority
HAL_NVIC_EnableIRQ
Error_Handler
hdma_spi3_rx
hdma_spi3_tx
HAL_DMA_DeInit
HAL_NVIC_DisableIRQ
